Component: ARM Compiler 5.06 update 6 (build 750) Tool: armlink [4d35ed]

==============================================================================

Section Cross References

    startup_stm32f103xb.o(RESET) refers to startup_stm32f103xb.o(STACK) for __initial_sp
    startup_stm32f103xb.o(RESET) refers to startup_stm32f103xb.o(.text) for Reset_Handler
    startup_stm32f103xb.o(RESET) refers to stm32f1xx_it.o(i.NMI_Handler) for NMI_Handler
    startup_stm32f103xb.o(RESET) refers to stm32f1xx_it.o(i.HardFault_Handler) for HardFault_Handler
    startup_stm32f103xb.o(RESET) refers to stm32f1xx_it.o(i.MemManage_Handler) for MemManage_Handler
    startup_stm32f103xb.o(RESET) refers to stm32f1xx_it.o(i.BusFault_Handler) for BusFault_Handler
    startup_stm32f103xb.o(RESET) refers to stm32f1xx_it.o(i.UsageFault_Handler) for UsageFault_Handler
    startup_stm32f103xb.o(RESET) refers to stm32f1xx_it.o(i.SVC_Handler) for SVC_Handler
    startup_stm32f103xb.o(RESET) refers to stm32f1xx_it.o(i.DebugMon_Handler) for DebugMon_Handler
    startup_stm32f103xb.o(RESET) refers to stm32f1xx_it.o(i.PendSV_Handler) for PendSV_Handler
    startup_stm32f103xb.o(RESET) refers to stm32f1xx_it.o(i.SysTick_Handler) for SysTick_Handler
    startup_stm32f103xb.o(RESET) refers to stm32f1xx_it.o(i.EXTI1_IRQHandler) for EXTI1_IRQHandler
    startup_stm32f103xb.o(RESET) refers to stm32f1xx_it.o(i.DMA1_Channel1_IRQHandler) for DMA1_Channel1_IRQHandler
    startup_stm32f103xb.o(RESET) refers to stm32f1xx_it.o(i.ADC1_2_IRQHandler) for ADC1_2_IRQHandler
    startup_stm32f103xb.o(RESET) refers to stm32f1xx_it.o(i.EXTI9_5_IRQHandler) for EXTI9_5_IRQHandler
    startup_stm32f103xb.o(RESET) refers to stm32f1xx_it.o(i.TIM4_IRQHandler) for TIM4_IRQHandler
    startup_stm32f103xb.o(RESET) refers to stm32f1xx_it.o(i.USART2_IRQHandler) for USART2_IRQHandler
    startup_stm32f103xb.o(.text) refers to system_stm32f1xx.o(i.SystemInit) for SystemInit
    startup_stm32f103xb.o(.text) refers to entry.o(.ARM.Collect$$$$00000000) for __main
    mpu9250.o(i.MPU_Get_Accel) refers to mpu9250.o(i.MPU_Get_Accelerometer) for MPU_Get_Accelerometer
    mpu9250.o(i.MPU_Get_Accel) refers to f2d.o(.text) for __aeabi_f2d
    mpu9250.o(i.MPU_Get_Accel) refers to dflti.o(.text) for __aeabi_i2d
    mpu9250.o(i.MPU_Get_Accel) refers to dscalb.o(.text) for __ARM_scalbn
    mpu9250.o(i.MPU_Get_Accel) refers to dadd.o(.text) for __aeabi_dsub
    mpu9250.o(i.MPU_Get_Accel) refers to d2f.o(.text) for __aeabi_d2f
    mpu9250.o(i.MPU_Get_Accel) refers to fmul.o(.text) for __aeabi_fmul
    mpu9250.o(i.MPU_Get_Accel) refers to mpu9250.o(.data) for .data
    mpu9250.o(i.MPU_Get_Accelerometer) refers to mpu9250.o(i.MPU_Read_Len) for MPU_Read_Len
    mpu9250.o(i.MPU_Get_Accelerometer) refers to dflti.o(.text) for __aeabi_i2d
    mpu9250.o(i.MPU_Get_Accelerometer) refers to dmul.o(.text) for __aeabi_dmul
    mpu9250.o(i.MPU_Get_Accelerometer) refers to dadd.o(.text) for __aeabi_dadd
    mpu9250.o(i.MPU_Get_Accelerometer) refers to dfixi.o(.text) for __aeabi_d2iz
    mpu9250.o(i.MPU_Get_Accelerometer) refers to mpu9250.o(.data) for .data
    mpu9250.o(i.MPU_Get_Gyro) refers to mpu9250.o(i.MPU_Get_Gyroscope) for MPU_Get_Gyroscope
    mpu9250.o(i.MPU_Get_Gyro) refers to dflti.o(.text) for __aeabi_i2d
    mpu9250.o(i.MPU_Get_Gyro) refers to dmul.o(.text) for __aeabi_dmul
    mpu9250.o(i.MPU_Get_Gyro) refers to d2f.o(.text) for __aeabi_d2f
    mpu9250.o(i.MPU_Get_Gyroscope) refers to mpu9250.o(i.MPU_Read_Len) for MPU_Read_Len
    mpu9250.o(i.MPU_Get_Gyroscope) refers to dflti.o(.text) for __aeabi_i2d
    mpu9250.o(i.MPU_Get_Gyroscope) refers to dmul.o(.text) for __aeabi_dmul
    mpu9250.o(i.MPU_Get_Gyroscope) refers to dadd.o(.text) for __aeabi_dadd
    mpu9250.o(i.MPU_Get_Gyroscope) refers to dfixi.o(.text) for __aeabi_d2iz
    mpu9250.o(i.MPU_Get_Gyroscope) refers to mpu9250.o(.data) for .data
    mpu9250.o(i.MPU_Get_Mag) refers to mpu9250.o(i.MPU_Get_Magnetometer) for MPU_Get_Magnetometer
    mpu9250.o(i.MPU_Get_Mag) refers to f2d.o(.text) for __aeabi_f2d
    mpu9250.o(i.MPU_Get_Mag) refers to dflti.o(.text) for __aeabi_i2d
    mpu9250.o(i.MPU_Get_Mag) refers to dmul.o(.text) for __aeabi_dmul
    mpu9250.o(i.MPU_Get_Mag) refers to dadd.o(.text) for __aeabi_dsub
    mpu9250.o(i.MPU_Get_Mag) refers to d2f.o(.text) for __aeabi_d2f
    mpu9250.o(i.MPU_Get_Mag) refers to fmul.o(.text) for __aeabi_fmul
    mpu9250.o(i.MPU_Get_Mag) refers to fadd.o(.text) for __aeabi_fadd
    mpu9250.o(i.MPU_Get_Mag) refers to mpu9250.o(.data) for .data
    mpu9250.o(i.MPU_Get_Magnetometer) refers to mpu9250.o(i.MPU_Read_Len) for MPU_Read_Len
    mpu9250.o(i.MPU_Get_Magnetometer) refers to dflti.o(.text) for __aeabi_i2d
    mpu9250.o(i.MPU_Get_Magnetometer) refers to dscalb.o(.text) for __ARM_scalbn
    mpu9250.o(i.MPU_Get_Magnetometer) refers to dadd.o(.text) for __aeabi_dadd
    mpu9250.o(i.MPU_Get_Magnetometer) refers to dfixi.o(.text) for __aeabi_d2iz
[...]
    i.HAL_UART_Transmit                      0x08003be8   Section        0  stm32f1xx_hal_uart.o(i.HAL_UART_Transmit)
    i.HAL_UART_TxCpltCallback                0x08003c94   Section        0  stm32f1xx_hal_uart.o(i.HAL_UART_TxCpltCallback)
    i.HardFault_Handler                      0x08003c96   Section        0  stm32f1xx_it.o(i.HardFault_Handler)
    i.I2C_IsAcknowledgeFailed                0x08003c98   Section        0  stm32f1xx_hal_i2c.o(i.I2C_IsAcknowledgeFailed)
    I2C_IsAcknowledgeFailed                  0x08003c99   Thumb Code    46  stm32f1xx_hal_i2c.o(i.I2C_IsAcknowledgeFailed)
    i.I2C_RequestMemoryRead                  0x08003cc6   Section        0  stm32f1xx_hal_i2c.o(i.I2C_RequestMemoryRead)
    I2C_RequestMemoryRead                    0x08003cc7   Thumb Code   230  stm32f1xx_hal_i2c.o(i.I2C_RequestMemoryRead)
    i.I2C_RequestMemoryWrite                 0x08003dac   Section        0  stm32f1xx_hal_i2c.o(i.I2C_RequestMemoryWrite)
    I2C_RequestMemoryWrite                   0x08003dad   Thumb Code   144  stm32f1xx_hal_i2c.o(i.I2C_RequestMemoryWrite)
    i.I2C_WaitOnBTFFlagUntilTimeout          0x08003e40   Section        0  stm32f1xx_hal_i2c.o(i.I2C_WaitOnBTFFlagUntilTimeout)
    I2C_WaitOnBTFFlagUntilTimeout            0x08003e41   Thumb Code    76  stm32f1xx_hal_i2c.o(i.I2C_WaitOnBTFFlagUntilTimeout)
    i.I2C_WaitOnFlagUntilTimeout             0x08003e8c   Section        0  stm32f1xx_hal_i2c.o(i.I2C_WaitOnFlagUntilTimeout)
    I2C_WaitOnFlagUntilTimeout               0x08003e8d   Thumb Code   104  stm32f1xx_hal_i2c.o(i.I2C_WaitOnFlagUntilTimeout)
    i.I2C_WaitOnMasterAddressFlagUntilTimeout 0x08003ef4   Section        0  stm32f1xx_hal_i2c.o(i.I2C_WaitOnMasterAddressFlagUntilTimeout)
    I2C_WaitOnMasterAddressFlagUntilTimeout  0x08003ef5   Thumb Code   150  stm32f1xx_hal_i2c.o(i.I2C_WaitOnMasterAddressFlagUntilTimeout)
    i.I2C_WaitOnRXNEFlagUntilTimeout         0x08003f8a   Section        0  stm32f1xx_hal_i2c.o(i.I2C_WaitOnRXNEFlagUntilTimeout)
    I2C_WaitOnRXNEFlagUntilTimeout           0x08003f8b   Thumb Code   102  stm32f1xx_hal_i2c.o(i.I2C_WaitOnRXNEFlagUntilTimeout)
    i.I2C_WaitOnTXEFlagUntilTimeout          0x08003ff0   Section        0  stm32f1xx_hal_i2c.o(i.I2C_WaitOnTXEFlagUntilTimeout)
    I2C_WaitOnTXEFlagUntilTimeout            0x08003ff1   Thumb Code    76  stm32f1xx_hal_i2c.o(i.I2C_WaitOnTXEFlagUntilTimeout)
    i.MPU_Get_Accel                          0x0800403c   Section        0  mpu9250.o(i.MPU_Get_Accel)
    i.MPU_Get_Accelerometer                  0x080040f8   Section        0  mpu9250.o(i.MPU_Get_Accelerometer)
    i.MPU_Get_Gyro                           0x080041f0   Section        0  mpu9250.o(i.MPU_Get_Gyro)
    i.MPU_Get_Gyroscope                      0x08004260   Section        0  mpu9250.o(i.MPU_Get_Gyroscope)
    i.MPU_Get_Mag                            0x0800436c   Section        0  mpu9250.o(i.MPU_Get_Mag)
    i.MPU_Get_Magnetometer                   0x080044ac   Section        0  mpu9250.o(i.MPU_Get_Magnetometer)
    i.MPU_Read_Len                           0x08004594   Section        0  mpu9250.o(i.MPU_Read_Len)
    i.MPU_Write_Byte                         0x080045b4   Section        0  mpu9250.o(i.MPU_Write_Byte)
    i.MPU_Write_Len                          0x080045d8   Section        0  mpu9250.o(i.MPU_Write_Len)
    i.MX_ADC1_Init                           0x080045f8   Section        0  adc.o(i.MX_ADC1_Init)
    i.MX_DMA_Init                            0x08004648   Section        0  dma.o(i.MX_DMA_Init)
    i.MX_GPIO_Init                           0x08004674   Section        0  gpio.o(i.MX_GPIO_Init)
    i.MX_I2C1_Init                           0x08004738   Section        0  i2c.o(i.MX_I2C1_Init)
    i.MX_TIM1_Init                           0x08004778   Section        0  tim.o(i.MX_TIM1_Init)
    i.MX_TIM2_Init                           0x080047e0   Section        0  tim.o(i.MX_TIM2_Init)
    i.MX_TIM3_Init                           0x08004844   Section        0  tim.o(i.MX_TIM3_Init)
    i.MX_TIM4_Init                           0x08004910   Section        0  tim.o(i.MX_TIM4_Init)
    i.MX_USART2_UART_Init                    0x08004978   Section        0  usart.o(i.MX_USART2_UART_Init)
    i.MemManage_Handler                      0x080049b0   Section        0  stm32f1xx_it.o(i.MemManage_Handler)
    i.NMI_Handler                            0x080049b2   Section        0  stm32f1xx_it.o(i.NMI_Handler)
    i.PendSV_Handler                         0x080049b4   Section        0  stm32f1xx_it.o(i.PendSV_Handler)
    i.SVC_Handler                            0x080049b6   Section        0  stm32f1xx_it.o(i.SVC_Handler)
    i.SysTick_Handler                        0x080049b8   Section        0  stm32f1xx_it.o(i.SysTick_Handler)
    i.SystemClock_Config                     0x080049bc   Section        0  main.o(i.SystemClock_Config)
    i.SystemInit                             0x08004a1c   Section        0  system_stm32f1xx.o(i.SystemInit)
    i.TIM4_IRQHandler                        0x08004a64   Section        0  stm32f1xx_it.o(i.TIM4_IRQHandler)
    i.TIM_Base_SetConfig                     0x08004a70   Section        0  stm32f1xx_hal_tim.o(i.TIM_Base_SetConfig)
    i.TIM_CCxChannelCmd                      0x08004adc   Section        0  stm32f1xx_hal_tim.o(i.TIM_CCxChannelCmd)
    i.TIM_ETR_SetConfig                      0x08004af6   Section        0  stm32f1xx_hal_tim.o(i.TIM_ETR_SetConfig)
    i.TIM_ITRx_SetConfig                     0x08004b0a   Section        0  stm32f1xx_hal_tim.o(i.TIM_ITRx_SetConfig)
    TIM_ITRx_SetConfig                       0x08004b0b   Thumb Code    16  stm32f1xx_hal_tim.o(i.TIM_ITRx_SetConfig)
    i.TIM_OC1_SetConfig                      0x08004b1c   Section        0  stm32f1xx_hal_tim.o(i.TIM_OC1_SetConfig)
    TIM_OC1_SetConfig                        0x08004b1d   Thumb Code    74  stm32f1xx_hal_tim.o(i.TIM_OC1_SetConfig)
    i.TIM_OC2_SetConfig                      0x08004b6c   Section        0  stm32f1xx_hal_tim.o(i.TIM_OC2_SetConfig)
    i.TIM_OC3_SetConfig                      0x08004bc4   Section        0  stm32f1xx_hal_tim.o(i.TIM_OC3_SetConfig)
    TIM_OC3_SetConfig                        0x08004bc5   Thumb Code    82  stm32f1xx_hal_tim.o(i.TIM_OC3_SetConfig)
    i.TIM_OC4_SetConfig                      0x08004c1c   Section        0  stm32f1xx_hal_tim.o(i.TIM_OC4_SetConfig)
    TIM_OC4_SetConfig                        0x08004c1d   Thumb Code    64  stm32f1xx_hal_tim.o(i.TIM_OC4_SetConfig)
    i.TIM_TI1_ConfigInputStage               0x08004c60   Section        0  stm32f1xx_hal_tim.o(i.TIM_TI1_ConfigInputStage)
    TIM_TI1_ConfigInputStage                 0x08004c61   Thumb Code    34  stm32f1xx_hal_tim.o(i.TIM_TI1_ConfigInputStage)
    i.TIM_TI2_ConfigInputStage               0x08004c82   Section        0  stm32f1xx_hal_tim.o(i.TIM_TI2_ConfigInputStage)
    TIM_TI2_ConfigInputStage                 0x08004c83   Thumb Code    36  stm32f1xx_hal_tim.o(i.TIM_TI2_ConfigInputStage)
    i.UART_DMAAbortOnError                   0x08004ca6   Section        0  stm32f1xx_hal_uart.o(i.UART_DMAAbortOnError)
    UART_DMAAbortOnError                     0x08004ca7   Thumb Code    16  stm32f1xx_hal_uart.o(i.UART_DMAAbortOnError)
    i.UART_EndRxTransfer                     0x08004cb6   Section        0  stm32f1xx_hal_uart.o(i.UART_EndRxTransfer)
    UART_EndRxTransfer                       0x08004cb7   Thumb Code    28  stm32f1xx_hal_uart.o(i.UART_EndRxTransfer)
    i.UART_Receive_IT                        0x08004cd2   Section        0  stm32f1xx_hal_uart.o(i.UART_Receive_IT)
    UART_Receive_IT                          0x08004cd3   Thumb Code   150  stm32f1xx_hal_uart.o(i.UART_Receive_IT)
    i.UART_SetConfig                         0x08004d68   Section        0  stm32f1xx_hal_uart.o(i.UART_SetConfig)
    UART_SetConfig                           0x08004d69   Thumb Code   178  stm32f1xx_hal_uart.o(i.UART_SetConfig)
    i.UART_Transmit_IT                       0x08004e20   Section        0  stm32f1xx_hal_uart.o(i.UART_Transmit_IT)
    UART_Transmit_IT                         0x08004e21   Thumb Code    98  stm32f1xx_hal_uart.o(i.UART_Transmit_IT)
    i.UART_WaitOnFlagUntilTimeout            0x08004e82   Section        0  stm32f1xx_hal_uart.o(i.UART_WaitOnFlagUntilTimeout)
    UART_WaitOnFlagUntilTimeout              0x08004e83   Thumb Code   100  stm32f1xx_hal_uart.o(i.UART_WaitOnFlagUntilTimeout)
    i.USART2_IRQHandler                      0x08004ee8   Section        0  stm32f1xx_it.o(i.USART2_IRQHandler)
    i.UsageFault_Handler                     0x08004ef4   Section        0  stm32f1xx_it.o(i.UsageFault_Handler)
    i.__0printf                              0x08004ef8   Section        0  printfa.o(i.__0printf)
    i.__ARM_fpclassify                       0x08004f18   Section        0  fpclassify.o(i.__ARM_fpclassify)
    i.__NVIC_SetPriority                     0x08004f40   Section        0  stm32f1xx_hal_cortex.o(i.__NVIC_SetPriority)
    __NVIC_SetPriority                       0x08004f41   Thumb Code    32  stm32f1xx_hal_cortex.o(i.__NVIC_SetPriority)
    i.__kernel_poly                          0x08004f60   Section        0  poly.o(i.__kernel_poly)
    i.__mathlib_dbl_infnan                   0x0800500a   Section        0  dunder.o(i.__mathlib_dbl_infnan)
    i.__mathlib_dbl_infnan2                  0x08005010   Section        0  dunder.o(i.__mathlib_dbl_infnan2)
    i.__mathlib_dbl_invalid                  0x08005014   Section        0  dunder.o(i.__mathlib_dbl_invalid)
    i.__mathlib_dbl_underflow                0x08005020   Section        0  dunder.o(i.__mathlib_dbl_underflow)
    i.__scatterload_copy                     0x08005030   Section       14  handlers.o(i.__scatterload_copy)
    i.__scatterload_null                     0x0800503e   Section        2  handlers.o(i.__scatterload_null)
    i.__scatterload_zeroinit                 0x08005040   Section       14  handlers.o(i.__scatterload_zeroinit)
    i.__set_errno                            0x08005050   Section        0  errno.o(i.__set_errno)
    i._fp_digits                             0x0800505c   Section        0  printfa.o(i._fp_digits)
    _fp_digits                               0x0800505d   Thumb Code   366  printfa.o(i._fp_digits)
    i._printf_core                           0x080051e0   Section        0  printfa.o(i._printf_core)
    _printf_core                             0x080051e1   Thumb Code  1744  printfa.o(i._printf_core)
    i._printf_post_padding                   0x080058bc   Section        0  printfa.o(i._printf_post_padding)
    _printf_post_padding                     0x080058bd   Thumb Code    36  printfa.o(i._printf_post_padding)
    i._printf_pre_padding                    0x080058e0   Section        0  printfa.o(i._printf_pre_padding)
    _printf_pre_padding                      0x080058e1   Thumb Code    46  printfa.o(i._printf_pre_padding)
    i.asin                                   0x08005910   Section        0  asin.o(i.asin)
    i.atan                                   0x08005b80   Section        0  atan.o(i.atan)
    i.atan2                                  0x08005da0   Section        0  atan2.o(i.atan2)
    i.fputc                                  0x08005f20   Section        0  main.o(i.fputc)
    i.invSqrt                                0x08005f3c   Section        0  main.o(i.invSqrt)
    i.main                                   0x08005f74   Section        0  main.o(i.main)
    i.mpu_configure_fifo                     0x080061b0   Section        0  inv_mpu.o(i.mpu_configure_fifo)
    i.mpu_init                               0x08006204   Section        0  inv_mpu.o(i.mpu_init)
    i.mpu_lp_accel_mode                      0x080062dc   Section        0  inv_mpu.o(i.mpu_lp_accel_mode)
    i.mpu_reset_fifo                         0x08006394   Section        0  inv_mpu.o(i.mpu_reset_fifo)
    i.mpu_set_accel_fsr                      0x080064f4   Section        0  inv_mpu.o(i.mpu_set_accel_fsr)
    i.mpu_set_bypass                         0x0800655c   Section        0  inv_mpu.o(i.mpu_set_bypass)
    i.mpu_set_compass_sample_rate            0x08006638   Section        0  inv_mpu.o(i.mpu_set_compass_sample_rate)
    i.mpu_set_gyro_fsr                       0x08006684   Section        0  inv_mpu.o(i.mpu_set_gyro_fsr)
    i.mpu_set_int_latched                    0x080066f0   Section        0  inv_mpu.o(i.mpu_set_int_latched)
    i.mpu_set_lpf                            0x08006754   Section        0  inv_mpu.o(i.mpu_set_lpf)
    i.mpu_set_sample_rate                    0x080067dc   Section        0  inv_mpu.o(i.mpu_set_sample_rate)
    i.mpu_set_sensors                        0x0800686c   Section        0  inv_mpu.o(i.mpu_set_sensors)
    i.set_int_enable                         0x080069a0   Section        0  inv_mpu.o(i.set_int_enable)
    set_int_enable                           0x080069a1   Thumb Code    84  inv_mpu.o(i.set_int_enable)
    i.setup_compass                          0x080069f8   Section        0  inv_mpu.o(i.setup_compass)
    setup_compass                            0x080069f9   Thumb Code   402  inv_mpu.o(i.setup_compass)
    i.sphereFit                              0x08006b90   Section        0  main.o(i.sphereFit)
    i.sqrt                                   0x080071b8   Section        0  sqrt.o(i.sqrt)
    i.sqrtf                                  0x08007204   Section        0  sqrtf.o(i.sqrtf)
    i.ul2                                    0x08007230   Section        0  gpio.o(i.ul2)
    i.ul3                                    0x08007254   Section        0  gpio.o(i.ul3)
    i.writeFlashTest                         0x08007278   Section        0  main.o(i.writeFlashTest)
    .constdata                               0x080072e4   Section        4  main.o(.constdata)
    .constdata                               0x080072e8   Section       16  system_stm32f1xx.o(.constdata)
    .constdata                               0x080072f8   Section        8  system_stm32f1xx.o(.constdata)
    .constdata                               0x08007300   Section       42  inv_mpu.o(.constdata)
    .constdata                               0x0800732a   Section       14  inv_mpu.o(.constdata)
    .constdata                               0x08007338   Section       48  inv_mpu.o(.constdata)
    .constdata                               0x08007368   Section       80  asin.o(.constdata)
    pS                                       0x08007368   Data          48  asin.o(.constdata)
    qS                                       0x08007398   Data          32  asin.o(.constdata)
    .constdata                               0x080073b8   Section      152  atan.o(.constdata)
    atanhi                                   0x080073b8   Data          32  atan.o(.constdata)
    atanlo                                   0x080073d8   Data          32  atan.o(.constdata)
    aTodd                                    0x080073f8   Data          40  atan.o(.constdata)
    aTeven                                   0x08007420   Data          48  atan.o(.constdata)
    .constdata                               0x08007450   Section        8  qnan.o(.constdata)
    .data                                    0x20000000   Section       96  mpu9250.o(.data)
    .data                                    0x20000060   Section      116  main.o(.data)
    q0                                       0x20000064   Data           4  main.o(.data)
    q1                                       0x20000068   Data           4  main.o(.data)
    q2                                       0x2000006c   Data           4  main.o(.data)
    q3                                       0x20000070   Data           4  main.o(.data)
    exInt                                    0x20000074   Data           4  main.o(.data)
    eyInt                                    0x20000078   Data           4  main.o(.data)
    ezInt                                    0x2000007c   Data           4  main.o(.data)
    halfT                                    0x20000080   Data           4  main.o(.data)
    k10                                      0x20000084   Data           4  main.o(.data)
    k11                                      0x20000088   Data           4  main.o(.data)
    k12                                      0x2000008c   Data           4  main.o(.data)
    k13                                      0x20000090   Data           4  main.o(.data)
    k20                                      0x20000094   Data           4  main.o(.data)
    k21                                      0x20000098   Data           4  main.o(.data)
    k22                                      0x2000009c   Data           4  main.o(.data)
    k23                                      0x200000a0   Data           4  main.o(.data)
    k30                                      0x200000a4   Data           4  main.o(.data)
    k31                                      0x200000a8   Data           4  main.o(.data)
    k32                                      0x200000ac   Data           4  main.o(.data)
    k33                                      0x200000b0   Data           4  main.o(.data)
    k40                                      0x200000b4   Data           4  main.o(.data)
    k41                                      0x200000b8   Data           4  main.o(.data)
    k42                                      0x200000bc   Data           4  main.o(.data)
    k43                                      0x200000c0   Data           4  main.o(.data)
    .data                                    0x200000d4   Section        4  main.o(.data)
    .data                                    0x200000d8   Section        4  main.o(.data)
    .data                                    0x200000dc   Section        4  main.o(.data)
    .data                                    0x200000e0   Section       36  tim.o(.data)
    now                                      0x200000e0   Data           2  tim.o(.data)
    a                                        0x200000e8   Data           4  tim.o(.data)
    b                                        0x200000ec   Data           4  tim.o(.data)
    c                                        0x200000f0   Data           4  tim.o(.data)
    d                                        0x200000f4   Data           4  tim.o(.data)
    e                                        0x200000f8   Data           4  tim.o(.data)
    cc                                       0x200000fc   Data           4  tim.o(.data)
    ti                                       0x20000100   Data           4  tim.o(.data)
    .data                                    0x20000104   Section       12  usart.o(.data)
    x                                        0x20000108   Data           4  usart.o(.data)
    t                                        0x2000010c   Data           4  usart.o(.data)
    .data                                    0x20000110   Section       12  stm32f1xx_hal.o(.data)
    .data                                    0x2000011c   Section        4  system_stm32f1xx.o(.data)
    .data                                    0x20000120   Section       56  inv_mpu.o(.data)
    st                                       0x20000120   Data          56  inv_mpu.o(.data)
    .data                                    0x20000158   Section        4  stdout.o(.data)
    .data                                    0x2000015c   Section        4  errno.o(.data)
    _errno                                   0x2000015c   Data           4  errno.o(.data)
    .bss                                     0x20000160   Section     2424  main.o(.bss)
    .bss                                     0x20000ad8   Section      116  adc.o(.bss)
    .bss                                     0x20000b4c   Section       84  i2c.o(.bss)
    .bss                                     0x20000ba0   Section      256  tim.o(.bss)
    .bss                                     0x20000ca0   Section       80  usart.o(.bss)
    .bss                                     0x20000cf0   Section       32  stm32f1xx_hal_flash.o(.bss)
    STACK                                    0x20000d10   Section     1024  startup_stm32f103xb.o(STACK)

    Global Symbols

    Symbol Name                              Value     Ov Type        Size  Object(Section)

    BuildAttributes$$THM_ISAv4$P$D$K$B$S$PE$A:L22UL41UL21$X:L11$S22US41US21$IEEE1$IW$USESV6$~STKCKD$USESV7$~SHL$OTIME$ROPI$IEEEX$EBA8$MICROLIB$REQ8$PRES8$EABIv2 0x00000000   Number         0  anon$$obj.o ABSOLUTE
    __ARM_use_no_argv                        0x00000000   Number         0  main.o ABSOLUTE
    _printf_a                                0x00000000   Number         0  stubs.o ABSOLUTE
    _printf_c                                0x00000000   Number         0  stubs.o ABSOLUTE
    _printf_charcount                        0x00000000   Number         0  stubs.o ABSOLUTE
    _printf_d                                0x00000000   Number         0  stubs.o ABSOLUTE
    _printf_e                                0x00000000   Number         0  stubs.o ABSOLUTE
    _printf_f                                0x00000000   Number         0  stubs.o ABSOLUTE
    _printf_flags                            0x00000000   Number         0  stubs.o ABSOLUTE
    _printf_fp_dec                           0x00000000   Number         0  stubs.o ABSOLUTE
    _printf_fp_hex                           0x00000000   Number         0  stubs.o ABSOLUTE
    _printf_g                                0x00000000   Number         0  stubs.o ABSOLUTE
    _printf_i                                0x00000000   Number         0  stubs.o ABSOLUTE
    _printf_int_dec                          0x00000000   Number         0  stubs.o ABSOLUTE
    _printf_l                                0x00000000   Number         0  stubs.o ABSOLUTE
    _printf_lc                               0x00000000   Number         0  stubs.o ABSOLUTE
    _printf_ll                               0x00000000   Number         0  stubs.o ABSOLUTE
    _printf_lld                              0x00000000   Number         0  stubs.o ABSOLUTE
    _printf_lli                              0x00000000   Number         0  stubs.o ABSOLUTE
    _printf_llo                              0x00000000   Number         0  stubs.o ABSOLUTE
    _printf_llu                              0x00000000   Number         0  stubs.o ABSOLUTE
    _printf_llx                              0x00000000   Number         0  stubs.o ABSOLUTE
    _printf_longlong_dec                     0x00000000   Number         0  stubs.o ABSOLUTE
    _printf_longlong_hex                     0x00000000   Number         0  stubs.o ABSOLUTE
    _printf_longlong_oct                     0x00000000   Number         0  stubs.o ABSOLUTE
    _printf_ls                               0x00000000   Number         0  stubs.o ABSOLUTE
    _printf_mbtowc                           0x00000000   Number         0  stubs.o ABSOLUTE
    _printf_n                                0x00000000   Number         0  stubs.o ABSOLUTE
    _printf_o                                0x00000000   Number         0  stubs.o ABSOLUTE
    _printf_p                                0x00000000   Number         0  stubs.o ABSOLUTE
    _printf_percent                          0x00000000   Number         0  stubs.o ABSOLUTE
    _printf_pre_padding                      0x00000000   Number         0  stubs.o ABSOLUTE
    _printf_return_value                     0x00000000   Number         0  stubs.o ABSOLUTE
    _printf_s                                0x00000000   Number         0  stubs.o ABSOLUTE
    _printf_sizespec                         0x00000000   Number         0  stubs.o ABSOLUTE
    _printf_str                              0x00000000   Number         0  stubs.o ABSOLUTE
    _printf_truncate_signed                  0x00000000   Number         0  stubs.o ABSOLUTE
    _printf_truncate_unsigned                0x00000000   Number         0  stubs.o ABSOLUTE
    _printf_u                                0x00000000   Number         0  stubs.o ABSOLUTE
    _printf_wc                               0x00000000   Number         0  stubs.o ABSOLUTE
    _printf_wctomb                           0x00000000   Number         0  stubs.o ABSOLUTE
    _printf_widthprec                        0x00000000   Number         0  stubs.o ABSOLUTE
    _printf_x                                0x00000000   Number         0  stubs.o ABSOLUTE
    __cpp_initialize__aeabi_                  - Undefined Weak Reference
    __cxa_finalize                            - Undefined Weak Reference
    _clock_init                               - Undefined Weak Reference
    _microlib_exit                            - Undefined Weak Reference
    __Vectors_Size                           0x000000ec   Number         0  startup_stm32f103xb.o ABSOLUTE
    __Vectors                                0x08000000   Data           4  startup_stm32f103xb.o(RESET)
    __Vectors_End                            0x080000ec   Data           0  startup_stm32f103xb.o(RESET)
    __main                                   0x080000ed   Thumb Code     0  entry.o(.ARM.Collect$$$$00000000)
    _main_stk                                0x080000ed   Thumb Code     0  entry2.o(.ARM.Collect$$$$00000001)
    _main_scatterload                        0x080000f1   Thumb Code     0  entry5.o(.ARM.Collect$$$$00000004)
    __main_after_scatterload                 0x080000f5   Thumb Code     0  entry5.o(.ARM.Collect$$$$00000004)
    _main_clock                              0x080000f5   Thumb Code     0  entry7b.o(.ARM.Collect$$$$00000008)
    _main_cpp_init                           0x080000f5   Thumb Code     0  entry8b.o(.ARM.Collect$$$$0000000A)
    _main_init                               0x080000f5   Thumb Code     0  entry9a.o(.ARM.Collect$$$$0000000B)
    __rt_final_cpp                           0x080000fd   Thumb Code     0  entry10a.o(.ARM.Collect$$$$0000000D)
    __rt_final_exit                          0x080000fd   Thumb Code     0  entry11a.o(.ARM.Collect$$$$0000000F)
    Reset_Handler                            0x08000101   Thumb Code     8  startup_stm32f103xb.o(.text)
    CAN1_RX1_IRQHandler                      0x0800011b   Thumb Code     0  startup_stm32f103xb.o(.text)
    CAN1_SCE_IRQHandler                      0x0800011b   Thumb Code     0  startup_stm32f103xb.o(.text)
    DMA1_Channel2_IRQHandler                 0x0800011b   Thumb Code     0  startup_stm32f103xb.o(.text)
    DMA1_Channel3_IRQHandler                 0x0800011b   Thumb Code     0  startup_stm32f103xb.o(.text)
    DMA1_Channel4_IRQHandler                 0x0800011b   Thumb Code     0  startup_stm32f103xb.o(.text)
    DMA1_Channel5_IRQHandler                 0x0800011b   Thumb Code     0  startup_stm32f103xb.o(.text)
    DMA1_Channel6_IRQHandler                 0x0800011b   Thumb Code     0  startup_stm32f103xb.o(.text)
    DMA1_Channel7_IRQHandler                 0x0800011b   Thumb Code     0  startup_stm32f103xb.o(.text)
    EXTI0_IRQHandler                         0x0800011b   Thumb Code     0  startup_stm32f103xb.o(.text)
    EXTI15_10_IRQHandler                     0x0800011b   Thumb Code     0  startup_stm32f103xb.o(.text)
    EXTI2_IRQHandler                         0x0800011b   Thumb Code     0  startup_stm32f103xb.o(.text)
    EXTI3_IRQHandler                         0x0800011b   Thumb Code     0  startup_stm32f103xb.o(.text)
    EXTI4_IRQHandler                         0x0800011b   Thumb Code     0  startup_stm32f103xb.o(.text)
    FLASH_IRQHandler                         0x0800011b   Thumb Code     0  startup_stm32f103xb.o(.text)
    I2C1_ER_IRQHandler                       0x0800011b   Thumb Code     0  startup_stm32f103xb.o(.text)
    I2C1_EV_IRQHandler                       0x0800011b   Thumb Code     0  startup_stm32f103xb.o(.text)
    I2C2_ER_IRQHandler                       0x0800011b   Thumb Code     0  startup_stm32f103xb.o(.text)
    I2C2_EV_IRQHandler                       0x0800011b   Thumb Code     0  startup_stm32f103xb.o(.text)
    PVD_IRQHandler                           0x0800011b   Thumb Code     0  startup_stm32f103xb.o(.text)
    RCC_IRQHandler                           0x0800011b   Thumb Code     0  startup_stm32f103xb.o(.text)
    RTC_Alarm_IRQHandler                     0x0800011b   Thumb Code     0  startup_stm32f103xb.o(.text)
    RTC_IRQHandler                           0x0800011b   Thumb Code     0  startup_stm32f103xb.o(.text)
    SPI1_IRQHandler                          0x0800011b   Thumb Code     0  startup_stm32f103xb.o(.text)
    SPI2_IRQHandler                          0x0800011b   Thumb Code     0  startup_stm32f103xb.o(.text)
    TAMPER_IRQHandler                        0x0800011b   Thumb Code     0  startup_stm32f103xb.o(.text)
    TIM1_BRK_IRQHandler                      0x0800011b   Thumb Code     0  startup_stm32f103xb.o(.text)
    TIM1_CC_IRQHandler                       0x0800011b   Thumb Code     0  startup_stm32f103xb.o(.text)
    TIM1_TRG_COM_IRQHandler                  0x0800011b   Thumb Code     0  startup_stm32f103xb.o(.text)
    TIM1_UP_IRQHandler                       0x0800011b   Thumb Code     0  startup_stm32f103xb.o(.text)
    TIM2_IRQHandler                          0x0800011b   Thumb Code     0  startup_stm32f103xb.o(.text)
    TIM3_IRQHandler                          0x0800011b   Thumb Code     0  startup_stm32f103xb.o(.text)
    USART1_IRQHandler                        0x0800011b   Thumb Code     0  startup_stm32f103xb.o(.text)
    USART3_IRQHandler                        0x0800011b   Thumb Code     0  startup_stm32f103xb.o(.text)
    USBWakeUp_IRQHandler                     0x0800011b   Thumb Code     0  startup_stm32f103xb.o(.text)
    USB_HP_CAN1_TX_IRQHandler                0x0800011b   Thumb Code     0  startup_stm32f103xb.o(.text)
    USB_LP_CAN1_RX0_IRQHandler               0x0800011b   Thumb Code     0  startup_stm32f103xb.o(.text)
    WWDG_IRQHandler                          0x0800011b   Thumb Code     0  startup_stm32f103xb.o(.text)
    __aeabi_llsr                             0x08000125   Thumb Code    32  llushr.o(.text)
    _ll_ushift_r                             0x08000125   Thumb Code     0  llushr.o(.text)
    __aeabi_memset                           0x08000145   Thumb Code    14  memseta.o(.text)
    __aeabi_memset4                          0x08000145   Thumb Code     0  memseta.o(.text)
    __aeabi_memset8                          0x08000145   Thumb Code     0  memseta.o(.text)
    __aeabi_memclr                           0x08000153   Thumb Code     4  memseta.o(.text)
    __aeabi_memclr4                          0x08000153   Thumb Code     0  memseta.o(.text)
    __aeabi_memclr8                          0x08000153   Thumb Code     0  memseta.o(.text)
    _memset$wrapper                          0x08000157   Thumb Code    18  memseta.o(.text)
    __aeabi_fadd                             0x08000169   Thumb Code   164  fadd.o(.text)
    __aeabi_fsub                             0x0800020d   Thumb Code     6  fadd.o(.text)
    __aeabi_frsub                            0x08000213   Thumb Code     6  fadd.o(.text)
    __aeabi_fmul                             0x08000219   Thumb Code   100  fmul.o(.text)
    __aeabi_fdiv                             0x0800027d   Thumb Code   124  fdiv.o(.text)
    __ARM_scalbnf                            0x080002f9   Thumb Code    24  fscalb.o(.text)
    scalbnf                                  0x080002f9   Thumb Code     0  fscalb.o(.text)
    __aeabi_dadd                             0x08000311   Thumb Code   322  dadd.o(.text)
    __aeabi_dsub                             0x08000453   Thumb Code     6  dadd.o(.text)
    __aeabi_drsub                            0x08000459   Thumb Code     6  dadd.o(.text)
    __aeabi_dmul                             0x0800045f   Thumb Code   228  dmul.o(.text)
    __aeabi_ddiv                             0x08000543   Thumb Code   222  ddiv.o(.text)
    __ARM_scalbn                             0x08000621   Thumb Code    46  dscalb.o(.text)
    scalbn                                   0x08000621   Thumb Code     0  dscalb.o(.text)
    __aeabi_ui2f                             0x0800064f   Thumb Code    10  ffltui.o(.text)
    __aeabi_i2d                              0x08000659   Thumb Code    34  dflti.o(.text)
    __aeabi_d2iz                             0x0800067b   Thumb Code    62  dfixi.o(.text)
    __aeabi_f2d                              0x080006b9   Thumb Code    38  f2d.o(.text)
    __aeabi_cdrcmple                         0x080006e1   Thumb Code    48  cdrcmple.o(.text)
    __aeabi_d2f                              0x08000711   Thumb Code    56  d2f.o(.text)
    __aeabi_cfrcmple                         0x08000749   Thumb Code    20  cfrcmple.o(.text)
    __aeabi_uidiv                            0x0800075d   Thumb Code     0  uidiv.o(.text)
    __aeabi_uidivmod                         0x0800075d   Thumb Code    44  uidiv.o(.text)
    __aeabi_uldivmod                         0x08000789   Thumb Code    98  uldiv.o(.text)
    __aeabi_llsl                             0x080007eb   Thumb Code    30  llshl.o(.text)
    _ll_shift_l                              0x080007eb   Thumb Code     0  llshl.o(.text)
    __aeabi_lasr                             0x08000809   Thumb Code    36  llsshr.o(.text)
    _ll_sshift_r                             0x08000809   Thumb Code     0  llsshr.o(.text)
    __I$use$fp                               0x0800082d   Thumb Code     0  iusefp.o(.text)
    _float_round                             0x0800082d   Thumb Code    18  fepilogue.o(.text)
    _float_epilogue                          0x0800083f   Thumb Code    92  fepilogue.o(.text)
    _fsqrt                                   0x0800089b   Thumb Code    94  fsqrt.o(.text)
    _double_round                            0x080008f9   Thumb Code    30  depilogue.o(.text)
    _double_epilogue                         0x08000917   Thumb Code   156  depilogue.o(.text)
    _dsqrt                                   0x080009b3   Thumb Code   162  dsqrt.o(.text)
    __aeabi_d2ulz                            0x08000a55   Thumb Code    48  dfixul.o(.text)
    __scatterload                            0x08000a85   Thumb Code    28  init.o(.text)
    __scatterload_rt2                        0x08000a85   Thumb Code     0  init.o(.text)
    __decompress                             0x08000aa9   Thumb Code     0  __dczerorl2.o(.text)
    __decompress1                            0x08000aa9   Thumb Code    86  __dczerorl2.o(.text)
    ADC1_2_IRQHandler                        0x08000b01   Thumb Code     6  stm32f1xx_it.o(i.ADC1_2_IRQHandler)
    ADC_ConversionStop_Disable               0x08000b0d   Thumb Code    76  stm32f1xx_hal_adc.o(i.ADC_ConversionStop_Disable)
    ADC_DMAConvCplt                          0x08000b59   Thumb Code    78  stm32f1xx_hal_adc.o(i.ADC_DMAConvCplt)
    ADC_DMAError                             0x08000ba7   Thumb Code    26  stm32f1xx_hal_adc.o(i.ADC_DMAError)
    ADC_DMAHalfConvCplt                      0x08000bc1   Thumb Code    10  stm32f1xx_hal_adc.o(i.ADC_DMAHalfConvCplt)
    ADC_Enable                               0x08000bcd   Thumb Code   104  stm32f1xx_hal_adc.o(i.ADC_Enable)
    AHRSupdate                               0x08000c3d   Thumb Code  3162  main.o(i.AHRSupdate)
    BusFault_Handler                         0x080018a5   Thumb Code     2  stm32f1xx_it.o(i.BusFault_Handler)
    DMA1_Channel1_IRQHandler                 0x080018a9   Thumb Code     6  stm32f1xx_it.o(i.DMA1_Channel1_IRQHandler)
    DebugMon_Handler                         0x080018df   Thumb Code     2  stm32f1xx_it.o(i.DebugMon_Handler)
    EXTI1_IRQHandler                         0x080018e1   Thumb Code     6  stm32f1xx_it.o(i.EXTI1_IRQHandler)
    EXTI9_5_IRQHandler                       0x080018e7   Thumb Code     6  stm32f1xx_it.o(i.EXTI9_5_IRQHandler)
    Error_Handler                            0x080018ed   Thumb Code     2  main.o(i.Error_Handler)
    FLASH_PageErase                          0x08001915   Thumb Code    28  stm32f1xx_hal_flash_ex.o(i.FLASH_PageErase)
    FLASH_WaitForLastOperation               0x080019b1   Thumb Code    80  stm32f1xx_hal_flash.o(i.FLASH_WaitForLastOperation)
    GET_HALFNOWTIME                          0x08001a05   Thumb Code    32  tim.o(i.GET_HALFNOWTIME)
    HAL_ADCEx_InjectedConvCpltCallback       0x08001a31   Thumb Code     2  stm32f1xx_hal_adc_ex.o(i.HAL_ADCEx_InjectedConvCpltCallback)
    HAL_ADC_ConfigChannel                    0x08001a35   Thumb Code   240  stm32f1xx_hal_adc.o(i.HAL_ADC_ConfigChannel)
    HAL_ADC_ConvCpltCallback                 0x08001b31   Thumb Code     2  stm32f1xx_hal_adc.o(i.HAL_ADC_ConvCpltCallback)
    HAL_ADC_ConvHalfCpltCallback             0x08001b33   Thumb Code     2  stm32f1xx_hal_adc.o(i.HAL_ADC_ConvHalfCpltCallback)
    HAL_ADC_ErrorCallback                    0x08001b35   Thumb Code     2  stm32f1xx_hal_adc.o(i.HAL_ADC_ErrorCallback)
    HAL_ADC_IRQHandler                       0x08001b37   Thumb Code   230  stm32f1xx_hal_adc.o(i.HAL_ADC_IRQHandler)
    HAL_ADC_Init                             0x08001c1d   Thumb Code   272  stm32f1xx_hal_adc.o(i.HAL_ADC_Init)
    HAL_ADC_LevelOutOfWindowCallback         0x08001d39   Thumb Code     2  stm32f1xx_hal_adc.o(i.HAL_ADC_LevelOutOfWindowCallback)
    HAL_ADC_MspInit                          0x08001d3d   Thumb Code   138  adc.o(i.HAL_ADC_MspInit)
    HAL_ADC_Start_DMA                        0x08001ddd   Thumb Code   246  stm32f1xx_hal_adc.o(i.HAL_ADC_Start_DMA)
    HAL_DMA_Abort_IT                         0x08001ee9   Thumb Code   148  stm32f1xx_hal_dma.o(i.HAL_DMA_Abort_IT)
    HAL_DMA_IRQHandler                       0x08001f81   Thumb Code   316  stm32f1xx_hal_dma.o(i.HAL_DMA_IRQHandler)
    HAL_DMA_Init                             0x080020d5   Thumb Code    84  stm32f1xx_hal_dma.o(i.HAL_DMA_Init)
    HAL_DMA_Start_IT                         0x08002131   Thumb Code   112  stm32f1xx_hal_dma.o(i.HAL_DMA_Start_IT)
    HAL_Delay                                0x080021a1   Thumb Code    32  stm32f1xx_hal.o(i.HAL_Delay)
    HAL_FLASHEx_Erase                        0x080021c5   Thumb Code   160  stm32f1xx_hal_flash_ex.o(i.HAL_FLASHEx_Erase)
    HAL_FLASH_Lock                           0x0800226d   Thumb Code    14  stm32f1xx_hal_flash.o(i.HAL_FLASH_Lock)
    HAL_FLASH_Program                        0x08002281   Thumb Code   120  stm32f1xx_hal_flash.o(i.HAL_FLASH_Program)
    HAL_FLASH_Unlock                         0x08002301   Thumb Code    28  stm32f1xx_hal_flash.o(i.HAL_FLASH_Unlock)
    HAL_GPIO_EXTI_Callback                   0x08002329   Thumb Code    78  gpio.o(i.HAL_GPIO_EXTI_Callback)
    HAL_GPIO_EXTI_IRQHandler                 0x08002389   Thumb Code    18  stm32f1xx_hal_gpio.o(i.HAL_GPIO_EXTI_IRQHandler)
    HAL_GPIO_Init                            0x080023a1   Thumb Code   446  stm32f1xx_hal_gpio.o(i.HAL_GPIO_Init)
    HAL_GPIO_ReadPin                         0x08002581   Thumb Code    10  stm32f1xx_hal_gpio.o(i.HAL_GPIO_ReadPin)
    HAL_GPIO_WritePin                        0x0800258b   Thumb Code    10  stm32f1xx_hal_gpio.o(i.HAL_GPIO_WritePin)
    HAL_GetTick                              0x08002595   Thumb Code     6  stm32f1xx_hal.o(i.HAL_GetTick)
    HAL_I2C_Init                             0x080025a1   Thumb Code   356  stm32f1xx_hal_i2c.o(i.HAL_I2C_Init)
    HAL_I2C_Mem_Read                         0x08002715   Thumb Code   530  stm32f1xx_hal_i2c.o(i.HAL_I2C_Mem_Read)
    HAL_I2C_Mem_Write                        0x08002935   Thumb Code   294  stm32f1xx_hal_i2c.o(i.HAL_I2C_Mem_Write)
    HAL_I2C_MspInit                          0x08002a65   Thumb Code    80  i2c.o(i.HAL_I2C_MspInit)
    HAL_IncTick                              0x08002ac1   Thumb Code    12  stm32f1xx_hal.o(i.HAL_IncTick)
    HAL_Init                                 0x08002ad1   Thumb Code    32  stm32f1xx_hal.o(i.HAL_Init)
    HAL_InitTick                             0x08002af5   Thumb Code    54  stm32f1xx_hal.o(i.HAL_InitTick)
    HAL_MspInit                              0x08002b35   Thumb Code    52  stm32f1xx_hal_msp.o(i.HAL_MspInit)
    HAL_NVIC_EnableIRQ                       0x08002b71   Thumb Code    26  stm32f1xx_hal_cortex.o(i.HAL_NVIC_EnableIRQ)
    HAL_NVIC_SetPriority                     0x08002b8d   Thumb Code    60  stm32f1xx_hal_cortex.o(i.HAL_NVIC_SetPriority)
    HAL_NVIC_SetPriorityGrouping             0x08002bcd   Thumb Code    26  stm32f1xx_hal_cortex.o(i.HAL_NVIC_SetPriorityGrouping)
    HAL_RCCEx_PeriphCLKConfig                0x08002bf1   Thumb Code   224  stm32f1xx_hal_rcc_ex.o(i.HAL_RCCEx_PeriphCLKConfig)
    HAL_RCC_ClockConfig                      0x08002cdd   Thumb Code   280  stm32f1xx_hal_rcc.o(i.HAL_RCC_ClockConfig)
    HAL_RCC_GetPCLK1Freq                     0x08002e09   Thumb Code    20  stm32f1xx_hal_rcc.o(i.HAL_RCC_GetPCLK1Freq)
    HAL_RCC_GetPCLK2Freq                     0x08002e29   Thumb Code    20  stm32f1xx_hal_rcc.o(i.HAL_RCC_GetPCLK2Freq)
    HAL_RCC_GetSysClockFreq                  0x08002e49   Thumb Code    74  stm32f1xx_hal_rcc.o(i.HAL_RCC_GetSysClockFreq)
    HAL_RCC_OscConfig                        0x08002eb5   Thumb Code   778  stm32f1xx_hal_rcc.o(i.HAL_RCC_OscConfig)
    HAL_SYSTICK_Config                       0x080031d5   Thumb Code    40  stm32f1xx_hal_cortex.o(i.HAL_SYSTICK_Config)
    HAL_TIMEx_BreakCallback                  0x080031fd   Thumb Code     2  stm32f1xx_hal_tim_ex.o(i.HAL_TIMEx_BreakCallback)
    HAL_TIMEx_CommutCallback                 0x080031ff   Thumb Code     2  stm32f1xx_hal_tim_ex.o(i.HAL_TIMEx_CommutCallback)
    HAL_TIMEx_MasterConfigSynchronization    0x08003201   Thumb Code    66  stm32f1xx_hal_tim_ex.o(i.HAL_TIMEx_MasterConfigSynchronization)
    HAL_TIM_Base_Init                        0x08003243   Thumb Code    54  stm32f1xx_hal_tim.o(i.HAL_TIM_Base_Init)
    HAL_TIM_Base_MspInit                     0x08003279   Thumb Code   116  tim.o(i.HAL_TIM_Base_MspInit)
    HAL_TIM_Base_Start_IT                    0x080032fd   Thumb Code    34  stm32f1xx_hal_tim.o(i.HAL_TIM_Base_Start_IT)
    HAL_TIM_ConfigClockSource                0x0800331f   Thumb Code   214  stm32f1xx_hal_tim.o(i.HAL_TIM_ConfigClockSource)
    HAL_TIM_IC_CaptureCallback               0x080033f5   Thumb Code     2  stm32f1xx_hal_tim.o(i.HAL_TIM_IC_CaptureCallback)
    HAL_TIM_IRQHandler                       0x080033f7   Thumb Code   358  stm32f1xx_hal_tim.o(i.HAL_TIM_IRQHandler)
    HAL_TIM_MspPostInit                      0x0800355d   Thumb Code    94  tim.o(i.HAL_TIM_MspPostInit)
    HAL_TIM_OC_DelayElapsedCallback          0x080035cd   Thumb Code     2  stm32f1xx_hal_tim.o(i.HAL_TIM_OC_DelayElapsedCallback)
    HAL_TIM_PWM_ConfigChannel                0x080035cf   Thumb Code   208  stm32f1xx_hal_tim.o(i.HAL_TIM_PWM_ConfigChannel)
    HAL_TIM_PWM_Init                         0x0800369f   Thumb Code    54  stm32f1xx_hal_tim.o(i.HAL_TIM_PWM_Init)
    HAL_TIM_PWM_MspInit                      0x080036d5   Thumb Code     2  stm32f1xx_hal_tim.o(i.HAL_TIM_PWM_MspInit)
    HAL_TIM_PWM_PulseFinishedCallback        0x080036d7   Thumb Code     2  stm32f1xx_hal_tim.o(i.HAL_TIM_PWM_PulseFinishedCallback)
    HAL_TIM_PWM_Start                        0x080036d9   Thumb Code    52  stm32f1xx_hal_tim.o(i.HAL_TIM_PWM_Start)
    HAL_TIM_PeriodElapsedCallback            0x08003711   Thumb Code   508  tim.o(i.HAL_TIM_PeriodElapsedCallback)
    HAL_TIM_TriggerCallback                  0x08003951   Thumb Code     2  stm32f1xx_hal_tim.o(i.HAL_TIM_TriggerCallback)
    HAL_UART_ErrorCallback                   0x08003953   Thumb Code     2  stm32f1xx_hal_uart.o(i.HAL_UART_ErrorCallback)
    HAL_UART_IRQHandler                      0x08003955   Thumb Code   266  stm32f1xx_hal_uart.o(i.HAL_UART_IRQHandler)
    HAL_UART_Init                            0x08003a65   Thumb Code    98  stm32f1xx_hal_uart.o(i.HAL_UART_Init)
    HAL_UART_MspInit                         0x08003ac9   Thumb Code   114  usart.o(i.HAL_UART_MspInit)
    HAL_UART_Receive_IT                      0x08003b49   Thumb Code    74  stm32f1xx_hal_uart.o(i.HAL_UART_Receive_IT)
    HAL_UART_RxCpltCallback                  0x08003b95   Thumb Code    72  usart.o(i.HAL_UART_RxCpltCallback)
    HAL_UART_Transmit                        0x08003be9   Thumb Code   172  stm32f1xx_hal_uart.o(i.HAL_UART_Transmit)
    HAL_UART_TxCpltCallback                  0x08003c95   Thumb Code     2  stm32f1xx_hal_uart.o(i.HAL_UART_TxCpltCallback)
    HardFault_Handler                        0x08003c97   Thumb Code     2  stm32f1xx_it.o(i.HardFault_Handler)
    MPU_Get_Accel                            0x0800403d   Thumb Code   184  mpu9250.o(i.MPU_Get_Accel)
    MPU_Get_Accelerometer                    0x080040f9   Thumb Code   232  mpu9250.o(i.MPU_Get_Accelerometer)
    MPU_Get_Gyro                             0x080041f1   Thumb Code   104  mpu9250.o(i.MPU_Get_Gyro)
    MPU_Get_Gyroscope                        0x08004261   Thumb Code   250  mpu9250.o(i.MPU_Get_Gyroscope)
    MPU_Get_Mag                              0x0800436d   Thumb Code   306  mpu9250.o(i.MPU_Get_Mag)
    MPU_Get_Magnetometer                     0x080044ad   Thumb Code   226  mpu9250.o(i.MPU_Get_Magnetometer)
    MPU_Read_Len                             0x08004595   Thumb Code    28  mpu9250.o(i.MPU_Read_Len)
    MPU_Write_Byte                           0x080045b5   Thumb Code    32  mpu9250.o(i.MPU_Write_Byte)
    MPU_Write_Len                            0x080045d9   Thumb Code    28  mpu9250.o(i.MPU_Write_Len)
    MX_ADC1_Init                             0x080045f9   Thumb Code    72  adc.o(i.MX_ADC1_Init)
    MX_DMA_Init                              0x08004649   Thumb Code    40  dma.o(i.MX_DMA_Init)
    MX_GPIO_Init                             0x08004675   Thumb Code   184  gpio.o(i.MX_GPIO_Init)
    MX_I2C1_Init                             0x08004739   Thumb Code    50  i2c.o(i.MX_I2C1_Init)
    MX_TIM1_Init                             0x08004779   Thumb Code    96  tim.o(i.MX_TIM1_Init)
    MX_TIM2_Init                             0x080047e1   Thumb Code    96  tim.o(i.MX_TIM2_Init)
    MX_TIM3_Init                             0x08004845   Thumb Code   196  tim.o(i.MX_TIM3_Init)
    MX_TIM4_Init                             0x08004911   Thumb Code    96  tim.o(i.MX_TIM4_Init)
    MX_USART2_UART_Init                      0x08004979   Thumb Code    48  usart.o(i.MX_USART2_UART_Init)
    MemManage_Handler                        0x080049b1   Thumb Code     2  stm32f1xx_it.o(i.MemManage_Handler)
    NMI_Handler                              0x080049b3   Thumb Code     2  stm32f1xx_it.o(i.NMI_Handler)
    PendSV_Handler                           0x080049b5   Thumb Code     2  stm32f1xx_it.o(i.PendSV_Handler)
    SVC_Handler                              0x080049b7   Thumb Code     2  stm32f1xx_it.o(i.SVC_Handler)
    SysTick_Handler                          0x080049b9   Thumb Code     4  stm32f1xx_it.o(i.SysTick_Handler)
    SystemClock_Config                       0x080049bd   Thumb Code    96  main.o(i.SystemClock_Config)
    SystemInit                               0x08004a1d   Thumb Code    56  system_stm32f1xx.o(i.SystemInit)
    TIM4_IRQHandler                          0x08004a65   Thumb Code     6  stm32f1xx_it.o(i.TIM4_IRQHandler)
    TIM_Base_SetConfig                       0x08004a71   Thumb Code    94  stm32f1xx_hal_tim.o(i.TIM_Base_SetConfig)
    TIM_CCxChannelCmd                        0x08004add   Thumb Code    26  stm32f1xx_hal_tim.o(i.TIM_CCxChannelCmd)
    TIM_ETR_SetConfig                        0x08004af7   Thumb Code    20  stm32f1xx_hal_tim.o(i.TIM_ETR_SetConfig)
    TIM_OC2_SetConfig                        0x08004b6d   Thumb Code    84  stm32f1xx_hal_tim.o(i.TIM_OC2_SetConfig)
    USART2_IRQHandler                        0x08004ee9   Thumb Code     6  stm32f1xx_it.o(i.USART2_IRQHandler)
    UsageFault_Handler                       0x08004ef5   Thumb Code     2  stm32f1xx_it.o(i.UsageFault_Handler)
    __0printf                                0x08004ef9   Thumb Code    22  printfa.o(i.__0printf)
    __1printf                                0x08004ef9   Thumb Code     0  printfa.o(i.__0printf)
    __2printf                                0x08004ef9   Thumb Code     0  printfa.o(i.__0printf)
    __c89printf                              0x08004ef9   Thumb Code     0  printfa.o(i.__0printf)
    printf                                   0x08004ef9   Thumb Code     0  printfa.o(i.__0printf)
    __ARM_fpclassify                         0x08004f19   Thumb Code    40  fpclassify.o(i.__ARM_fpclassify)
    __kernel_poly                            0x08004f61   Thumb Code   170  poly.o(i.__kernel_poly)
    __mathlib_dbl_infnan                     0x0800500b   Thumb Code     6  dunder.o(i.__mathlib_dbl_infnan)
    __mathlib_dbl_infnan2                    0x08005011   Thumb Code     4  dunder.o(i.__mathlib_dbl_infnan2)
    __mathlib_dbl_invalid                    0x08005015   Thumb Code    12  dunder.o(i.__mathlib_dbl_invalid)
    __mathlib_dbl_underflow                  0x08005021   Thumb Code    10  dunder.o(i.__mathlib_dbl_underflow)
    __scatterload_copy                       0x08005031   Thumb Code    14  handlers.o(i.__scatterload_copy)
    __scatterload_null                       0x0800503f   Thumb Code     2  handlers.o(i.__scatterload_null)
    __scatterload_zeroinit                   0x08005041   Thumb Code    14  handlers.o(i.__scatterload_zeroinit)
    __set_errno                              0x08005051   Thumb Code     6  errno.o(i.__set_errno)
    asin                                     0x08005911   Thumb Code   572  asin.o(i.asin)
    atan                                     0x08005b81   Thumb Code   474  atan.o(i.atan)
    atan2                                    0x08005da1   Thumb Code   346  atan2.o(i.atan2)
    fputc                                    0x08005f21   Thumb Code    22  main.o(i.fputc)
    invSqrt                                  0x08005f3d   Thumb Code    50  main.o(i.invSqrt)
    main                                     0x08005f75   Thumb Code   504  main.o(i.main)
    mpu_configure_fifo                       0x080061b1   Thumb Code    78  inv_mpu.o(i.mpu_configure_fifo)
    mpu_init                                 0x08006205   Thumb Code   212  inv_mpu.o(i.mpu_init)
    mpu_lp_accel_mode                        0x080062dd   Thumb Code   180  inv_mpu.o(i.mpu_lp_accel_mode)
    mpu_reset_fifo                           0x08006395   Thumb Code   346  inv_mpu.o(i.mpu_reset_fifo)
    mpu_set_accel_fsr                        0x080064f5   Thumb Code    98  inv_mpu.o(i.mpu_set_accel_fsr)
    mpu_set_bypass                           0x0800655d   Thumb Code   214  inv_mpu.o(i.mpu_set_bypass)
    mpu_set_compass_sample_rate              0x08006639   Thumb Code    72  inv_mpu.o(i.mpu_set_compass_sample_rate)
    mpu_set_gyro_fsr                         0x08006685   Thumb Code   104  inv_mpu.o(i.mpu_set_gyro_fsr)
    mpu_set_int_latched                      0x080066f1   Thumb Code    94  inv_mpu.o(i.mpu_set_int_latched)
    mpu_set_lpf                              0x08006755   Thumb Code   130  inv_mpu.o(i.mpu_set_lpf)
    mpu_set_sample_rate                      0x080067dd   Thumb Code   138  inv_mpu.o(i.mpu_set_sample_rate)
    mpu_set_sensors                          0x0800686d   Thumb Code   304  inv_mpu.o(i.mpu_set_sensors)
    sphereFit                                0x08006b91   Thumb Code  1572  main.o(i.sphereFit)
    sqrt                                     0x080071b9   Thumb Code    76  sqrt.o(i.sqrt)
    sqrtf                                    0x08007205   Thumb Code    44  sqrtf.o(i.sqrtf)
    ul2                                      0x08007231   Thumb Code    26  gpio.o(i.ul2)
    ul3                                      0x08007255   Thumb Code    26  gpio.o(i.ul3)
    writeFlashTest                           0x08007279   Thumb Code    98  main.o(i.writeFlashTest)
    x                                        0x080072e4   Data           4  main.o(.constdata)
    AHBPrescTable                            0x080072e8   Data          16  system_stm32f1xx.o(.constdata)
    APBPrescTable                            0x080072f8   Data           8  system_stm32f1xx.o(.constdata)
    reg                                      0x08007300   Data          42  inv_mpu.o(.constdata)
    hw                                       0x0800732a   Data          14  inv_mpu.o(.constdata)
    test                                     0x08007338   Data          48  inv_mpu.o(.constdata)
    __mathlib_zero                           0x08007450   Data           8  qnan.o(.constdata)
    Region$$Table$$Base                      0x08007458   Number         0  anon$$obj.o(Region$$Table)
    Region$$Table$$Limit                     0x08007478   Number         0  anon$$obj.o(Region$$Table)
    gyro_offsetx                             0x20000000   Data           2  mpu9250.o(.data)
    gyro_offsety                             0x20000002   Data           2  mpu9250.o(.data)
    gyro_offsetz                             0x20000004   Data           2  mpu9250.o(.data)
    accoldx                                  0x20000006   Data           2  mpu9250.o(.data)
    accoldy                                  0x20000008   Data           2  mpu9250.o(.data)
    accoldz                                  0x2000000a   Data           2  mpu9250.o(.data)
    magoldx                                  0x2000000c   Data           2  mpu9250.o(.data)
    magoldy                                  0x2000000e   Data           2  mpu9250.o(.data)
    magoldz                                  0x20000010   Data           2  mpu9250.o(.data)
    gyrooldx                                 0x20000012   Data           2  mpu9250.o(.data)
    gyrooldy                                 0x20000014   Data           2  mpu9250.o(.data)
    gyrooldz                                 0x20000016   Data           2  mpu9250.o(.data)
    magoffsetx                               0x20000018   Data           4  mpu9250.o(.data)
    magoffsety                               0x2000001c   Data           4  mpu9250.o(.data)
    magoffsetz                               0x20000020   Data           4  mpu9250.o(.data)
    accoffsetx                               0x20000024   Data           4  mpu9250.o(.data)
    accoffsety                               0x20000028   Data           4  mpu9250.o(.data)
    accoffsetz                               0x2000002c   Data           4  mpu9250.o(.data)
    accsensx                                 0x20000030   Data           4  mpu9250.o(.data)
    accsensy                                 0x20000034   Data           4  mpu9250.o(.data)
    accsensz                                 0x20000038   Data           4  mpu9250.o(.data)
    tmp1                                     0x2000003c   Data           4  mpu9250.o(.data)
    tmp2                                     0x20000040   Data           4  mpu9250.o(.data)
    tmp3                                     0x20000044   Data           4  mpu9250.o(.data)
    B                                        0x20000048   Data          24  mpu9250.o(.data)
    acd                                      0x20000060   Data           2  main.o(.data)
    pitch                                    0x200000c4   Data           4  main.o(.data)
    roll                                     0x200000c8   Data           4  main.o(.data)
    yaw                                      0x200000cc   Data           4  main.o(.data)
    sphereRadius                             0x200000d0   Data           4  main.o(.data)
    sr                                       0x200000d4   Data           4  main.o(.data)
    dis                                      0x200000d8   Data           4  main.o(.data)
    trip                                     0x200000dc   Data           4  main.o(.data)
    adc_tol                                  0x200000e4   Data           4  tim.o(.data)
    gax                                      0x20000104   Data           1  usart.o(.data)
    value                                    0x20000105   Data           1  usart.o(.data)
    uwTickFreq                               0x20000110   Data           1  stm32f1xx_hal.o(.data)
    uwTickPrio                               0x20000114   Data           4  stm32f1xx_hal.o(.data)
    uwTick                                   0x20000118   Data           4  stm32f1xx_hal.o(.data)
    SystemCoreClock                          0x2000011c   Data           4  system_stm32f1xx.o(.data)
    __stdout                                 0x20000158   Data           4  stdout.o(.data)
    d                                        0x20000160   Data        2400  main.o(.bss)
    sphereOrigin                             0x20000ac0   Data          12  main.o(.bss)
    population                               0x20000acc   Data          12  main.o(.bss)
    hadc1                                    0x20000ad8   Data          48  adc.o(.bss)
    hdma_adc1                                0x20000b08   Data          68  adc.o(.bss)
    hi2c1                                    0x20000b4c   Data          84  i2c.o(.bss)
    htim1                                    0x20000ba0   Data          64  tim.o(.bss)
    htim2                                    0x20000be0   Data          64  tim.o(.bss)
    htim3                                    0x20000c20   Data          64  tim.o(.bss)
    htim4                                    0x20000c60   Data          64  tim.o(.bss)
    ga                                       0x20000ca0   Data          14  usart.o(.bss)
    huart2                                   0x20000cb0   Data          64  usart.o(.bss)
    pFlash                                   0x20000cf0   Data          32  stm32f1xx_hal_flash.o(.bss)
    __initial_sp                             0x20001110   Data           0  startup_stm32f103xb.o(STACK)



==============================================================================

Memory Map of the image

  Image Entry point : 0x080000ed

  Load Region LR_IROM1 (Base: 0x08000000, Size: 0x000075d8, Max: 0x00010000, ABSOLUTE, COMPRESSED[0x000074cc])

    Execution Region ER_IROM1 (Exec base: 0x08000000, Load base: 0x08000000, Size: 0x00007478, Max: 0x00010000, ABSOLUTE)

    Exec Addr    Load Addr    Size         Type   Attr      Idx    E Section Name        Object

    0x08000000   0x08000000   0x000000ec   Data   RO            3    RESET               startup_stm32f103xb.o
    0x080000ec   0x080000ec   0x00000000   Code   RO         4355  * .ARM.Collect$$$$00000000  mc_w.l(entry.o)
    0x080000ec   0x080000ec   0x00000004   Code   RO         4694    .ARM.Collect$$$$00000001  mc_w.l(entry2.o)
    0x080000f0   0x080000f0   0x00000004   Code   RO         4697    .ARM.Collect$$$$00000004  mc_w.l(entry5.o)
    0x080000f4   0x080000f4   0x00000000   Code   RO         4699    .ARM.Collect$$$$00000008  mc_w.l(entry7b.o)
    0x080000f4   0x080000f4   0x00000000   Code   RO         4701    .ARM.Collect$$$$0000000A  mc_w.l(entry8b.o)
    0x080000f4   0x080000f4   0x00000008   Code   RO         4702    .ARM.Collect$$$$0000000B  mc_w.l(entry9a.o)
    0x080000fc   0x080000fc   0x00000000   Code   RO         4704    .ARM.Collect$$$$0000000D  mc_w.l(entry10a.o)
    0x080000fc   0x080000fc   0x00000000   Code   RO         4706    .ARM.Collect$$$$0000000F  mc_w.l(entry11a.o)
    0x080000fc   0x080000fc   0x00000004   Code   RO         4695    .ARM.Collect$$$$00002712  mc_w.l(entry2.o)
    0x08000100   0x08000100   0x00000024   Code   RO            4    .text               startup_stm32f103xb.o
    0x08000124   0x08000124   0x00000020   Code   RO         4360    .text               mc_w.l(llushr.o)
    0x08000144   0x08000144   0x00000024   Code   RO         4362    .text               mc_w.l(memseta.o)
    0x08000168   0x08000168   0x000000b0   Code   RO         4627    .text               mf_w.l(fadd.o)
    0x08000218   0x08000218   0x00000064   Code   RO         4629    .text               mf_w.l(fmul.o)
    0x0800027c   0x0800027c   0x0000007c   Code   RO         4631    .text               mf_w.l(fdiv.o)
    0x080002f8   0x080002f8   0x00000018   Code   RO         4633    .text               mf_w.l(fscalb.o)
    0x08000310   0x08000310   0x0000014e   Code   RO         4635    .text               mf_w.l(dadd.o)
    0x0800045e   0x0800045e   0x000000e4   Code   RO         4637    .text               mf_w.l(dmul.o)
    0x08000542   0x08000542   0x000000de   Code   RO         4639    .text               mf_w.l(ddiv.o)
    0x08000620   0x08000620   0x0000002e   Code   RO         4641    .text               mf_w.l(dscalb.o)
    0x0800064e   0x0800064e   0x0000000a   Code   RO         4645    .text               mf_w.l(ffltui.o)
    0x08000658   0x08000658   0x00000022   Code   RO         4647    .text               mf_w.l(dflti.o)
    0x0800067a   0x0800067a   0x0000003e   Code   RO         4653    .text               mf_w.l(dfixi.o)
    0x080006b8   0x080006b8   0x00000026   Code   RO         4655    .text               mf_w.l(f2d.o)
    0x080006de   0x080006de   0x00000002   PAD
    0x080006e0   0x080006e0   0x00000030   Code   RO         4657    .text               mf_w.l(cdrcmple.o)
    0x08000710   0x08000710   0x00000038   Code   RO         4659    .text               mf_w.l(d2f.o)
    0x08000748   0x08000748   0x00000014   Code   RO         4663    .text               mf_w.l(cfrcmple.o)
    0x0800075c   0x0800075c   0x0000002c   Code   RO         4709    .text               mc_w.l(uidiv.o)
    0x08000788   0x08000788   0x00000062   Code   RO         4711    .text               mc_w.l(uldiv.o)
    0x080007ea   0x080007ea   0x0000001e   Code   RO         4713    .text               mc_w.l(llshl.o)
    0x08000808   0x08000808   0x00000024   Code   RO         4715    .text               mc_w.l(llsshr.o)
    0x0800082c   0x0800082c   0x00000000   Code   RO         4724    .text               mc_w.l(iusefp.o)
    0x0800082c   0x0800082c   0x0000006e   Code   RO         4725    .text               mf_w.l(fepilogue.o)
    0x0800089a   0x0800089a   0x0000005e   Code   RO         4727    .text               mf_w.l(fsqrt.o)
    0x080008f8   0x080008f8   0x000000ba   Code   RO         4729    .text               mf_w.l(depilogue.o)
    0x080009b2   0x080009b2   0x000000a2   Code   RO         4731    .text               mf_w.l(dsqrt.o)
    0x08000a54   0x08000a54   0x00000030   Code   RO         4733    .text               mf_w.l(dfixul.o)
    0x08000a84   0x08000a84   0x00000024   Code   RO         4737    .text               mc_w.l(init.o)
    0x08000aa8   0x08000aa8   0x00000056   Code   RO         4747    .text               mc_w.l(__dczerorl2.o)
    0x08000afe   0x08000afe   0x00000002   PAD
    0x08000b00   0x08000b00   0x0000000c   Code   RO          647    i.ADC1_2_IRQHandler  stm32f1xx_it.o
    0x08000b0c   0x08000b0c   0x0000004c   Code   RO          819    i.ADC_ConversionStop_Disable  stm32f1xx_hal_adc.o
    0x08000b58   0x08000b58   0x0000004e   Code   RO          820    i.ADC_DMAConvCplt   stm32f1xx_hal_adc.o
    0x08000ba6   0x08000ba6   0x0000001a   Code   RO          821    i.ADC_DMAError      stm32f1xx_hal_adc.o
    0x08000bc0   0x08000bc0   0x0000000a   Code   RO          822    i.ADC_DMAHalfConvCplt  stm32f1xx_hal_adc.o
    0x08000bca   0x08000bca   0x00000002   PAD
    0x08000bcc   0x08000bcc   0x00000070   Code   RO          823    i.ADC_Enable        stm32f1xx_hal_adc.o
    0x08000c3c   0x08000c3c   0x00000c68   Code   RO          248    i.AHRSupdate        main.o
    0x080018a4   0x080018a4   0x00000002   Code   RO          648    i.BusFault_Handler  stm32f1xx_it.o
    0x080018a6   0x080018a6   0x00000002   PAD
    0x080018a8   0x080018a8   0x0000000c   Code   RO          649    i.DMA1_Channel1_IRQHandler  stm32f1xx_it.o
    0x080018b4   0x080018b4   0x0000002a   Code   RO         1473    i.DMA_SetConfig     stm32f1xx_hal_dma.o
    0x080018de   0x080018de   0x00000002   Code   RO          650    i.DebugMon_Handler  stm32f1xx_it.o
    0x080018e0   0x080018e0   0x00000006   Code   RO          651    i.EXTI1_IRQHandler  stm32f1xx_it.o
    0x080018e6   0x080018e6   0x00000006   Code   RO          652    i.EXTI9_5_IRQHandler  stm32f1xx_it.o
    0x080018ec   0x080018ec   0x00000002   Code   RO          249    i.Error_Handler     main.o
    0x080018ee   0x080018ee   0x00000002   PAD
    0x080018f0   0x080018f0   0x00000024   Code   RO         1913    i.FLASH_MassErase   stm32f1xx_hal_flash_ex.o
    0x08001914   0x08001914   0x00000024   Code   RO         1918    i.FLASH_PageErase   stm32f1xx_hal_flash_ex.o
    0x08001938   0x08001938   0x0000001c   Code   RO         1810    i.FLASH_Program_HalfWord  stm32f1xx_hal_flash.o
    0x08001954   0x08001954   0x0000005c   Code   RO         1811    i.FLASH_SetErrorCode  stm32f1xx_hal_flash.o
    0x080019b0   0x080019b0   0x00000054   Code   RO         1812    i.FLASH_WaitForLastOperation  stm32f1xx_hal_flash.o
    0x08001a04   0x08001a04   0x0000002c   Code   RO          516    i.GET_HALFNOWTIME   tim.o
    0x08001a30   0x08001a30   0x00000002   Code   RO         1001    i.HAL_ADCEx_InjectedConvCpltCallback  stm32f1xx_hal_adc_ex.o
    0x08001a32   0x08001a32   0x00000002   PAD
    0x08001a34   0x08001a34   0x000000fc   Code   RO          825    i.HAL_ADC_ConfigChannel  stm32f1xx_hal_adc.o
    0x08001b30   0x08001b30   0x00000002   Code   RO          826    i.HAL_ADC_ConvCpltCallback  stm32f1xx_hal_adc.o
    0x08001b32   0x08001b32   0x00000002   Code   RO          827    i.HAL_ADC_ConvHalfCpltCallback  stm32f1xx_hal_adc.o
    0x08001b34   0x08001b34   0x00000002   Code   RO          829    i.HAL_ADC_ErrorCallback  stm32f1xx_hal_adc.o
    0x08001b36   0x08001b36   0x000000e6   Code   RO          833    i.HAL_ADC_IRQHandler  stm32f1xx_hal_adc.o
    0x08001c1c   0x08001c1c   0x0000011c   Code   RO          834    i.HAL_ADC_Init      stm32f1xx_hal_adc.o
    0x08001d38   0x08001d38   0x00000002   Code   RO          835    i.HAL_ADC_LevelOutOfWindowCallback  stm32f1xx_hal_adc.o
    0x08001d3a   0x08001d3a   0x00000002   PAD
    0x08001d3c   0x08001d3c   0x000000a0   Code   RO          409    i.HAL_ADC_MspInit   adc.o
    0x08001ddc   0x08001ddc   0x0000010c   Code   RO          841    i.HAL_ADC_Start_DMA  stm32f1xx_hal_adc.o
    0x08001ee8   0x08001ee8   0x00000098   Code   RO         1475    i.HAL_DMA_Abort_IT  stm32f1xx_hal_dma.o
    0x08001f80   0x08001f80   0x00000154   Code   RO         1479    i.HAL_DMA_IRQHandler  stm32f1xx_hal_dma.o
    0x080020d4   0x080020d4   0x0000005c   Code   RO         1480    i.HAL_DMA_Init      stm32f1xx_hal_dma.o
    0x08002130   0x08002130   0x00000070   Code   RO         1484    i.HAL_DMA_Start_IT  stm32f1xx_hal_dma.o
    0x080021a0   0x080021a0   0x00000024   Code   RO         1102    i.HAL_Delay         stm32f1xx_hal.o
    0x080021c4   0x080021c4   0x000000a8   Code   RO         1919    i.HAL_FLASHEx_Erase  stm32f1xx_hal_flash_ex.o
    0x0800226c   0x0800226c   0x00000014   Code   RO         1816    i.HAL_FLASH_Lock    stm32f1xx_hal_flash.o
    0x08002280   0x08002280   0x00000080   Code   RO         1821    i.HAL_FLASH_Program  stm32f1xx_hal_flash.o
    0x08002300   0x08002300   0x00000028   Code   RO         1823    i.HAL_FLASH_Unlock  stm32f1xx_hal_flash.o
    0x08002328   0x08002328   0x00000060   Code   RO          367    i.HAL_GPIO_EXTI_Callback  gpio.o
    0x08002388   0x08002388   0x00000018   Code   RO         1409    i.HAL_GPIO_EXTI_IRQHandler  stm32f1xx_hal_gpio.o
    0x080023a0   0x080023a0   0x000001e0   Code   RO         1410    i.HAL_GPIO_Init     stm32f1xx_hal_gpio.o
    0x08002580   0x08002580   0x0000000a   Code   RO         1412    i.HAL_GPIO_ReadPin  stm32f1xx_hal_gpio.o
    0x0800258a   0x0800258a   0x0000000a   Code   RO         1414    i.HAL_GPIO_WritePin  stm32f1xx_hal_gpio.o
    0x08002594   0x08002594   0x0000000c   Code   RO         1106    i.HAL_GetTick       stm32f1xx_hal.o
    0x080025a0   0x080025a0   0x00000174   Code   RO         2081    i.HAL_I2C_Init      stm32f1xx_hal_i2c.o
    0x08002714   0x08002714   0x00000220   Code   RO         2099    i.HAL_I2C_Mem_Read  stm32f1xx_hal_i2c.o
    0x08002934   0x08002934   0x00000130   Code   RO         2102    i.HAL_I2C_Mem_Write  stm32f1xx_hal_i2c.o
    0x08002a64   0x08002a64   0x0000005c   Code   RO          475    i.HAL_I2C_MspInit   i2c.o
    0x08002ac0   0x08002ac0   0x00000010   Code   RO         1112    i.HAL_IncTick       stm32f1xx_hal.o
    0x08002ad0   0x08002ad0   0x00000024   Code   RO         1113    i.HAL_Init          stm32f1xx_hal.o
    0x08002af4   0x08002af4   0x00000040   Code   RO         1114    i.HAL_InitTick      stm32f1xx_hal.o
    0x08002b34   0x08002b34   0x0000003c   Code   RO          759    i.HAL_MspInit       stm32f1xx_hal_msp.o
    0x08002b70   0x08002b70   0x0000001a   Code   RO         1570    i.HAL_NVIC_EnableIRQ  stm32f1xx_hal_cortex.o
    0x08002b8a   0x08002b8a   0x00000002   PAD
    0x08002b8c   0x08002b8c   0x00000040   Code   RO         1576    i.HAL_NVIC_SetPriority  stm32f1xx_hal_cortex.o
    0x08002bcc   0x08002bcc   0x00000024   Code   RO         1577    i.HAL_NVIC_SetPriorityGrouping  stm32f1xx_hal_cortex.o
    0x08002bf0   0x08002bf0   0x000000ec   Code   RO         1373    i.HAL_RCCEx_PeriphCLKConfig  stm32f1xx_hal_rcc_ex.o
    0x08002cdc   0x08002cdc   0x0000012c   Code   RO         1270    i.HAL_RCC_ClockConfig  stm32f1xx_hal_rcc.o
    0x08002e08   0x08002e08   0x00000020   Code   RO         1277    i.HAL_RCC_GetPCLK1Freq  stm32f1xx_hal_rcc.o
    0x08002e28   0x08002e28   0x00000020   Code   RO         1278    i.HAL_RCC_GetPCLK2Freq  stm32f1xx_hal_rcc.o
    0x08002e48   0x08002e48   0x0000006c   Code   RO         1279    i.HAL_RCC_GetSysClockFreq  stm32f1xx_hal_rcc.o
    0x08002eb4   0x08002eb4   0x00000320   Code   RO         1282    i.HAL_RCC_OscConfig  stm32f1xx_hal_rcc.o
    0x080031d4   0x080031d4   0x00000028   Code   RO         1581    i.HAL_SYSTICK_Config  stm32f1xx_hal_cortex.o
    0x080031fc   0x080031fc   0x00000002   Code   RO         3169    i.HAL_TIMEx_BreakCallback  stm32f1xx_hal_tim_ex.o
    0x080031fe   0x080031fe   0x00000002   Code   RO         3170    i.HAL_TIMEx_CommutCallback  stm32f1xx_hal_tim_ex.o
    0x08003200   0x08003200   0x00000042   Code   RO         3187    i.HAL_TIMEx_MasterConfigSynchronization  stm32f1xx_hal_tim_ex.o
    0x08003242   0x08003242   0x00000036   Code   RO         2494    i.HAL_TIM_Base_Init  stm32f1xx_hal_tim.o
    0x08003278   0x08003278   0x00000084   Code   RO          518    i.HAL_TIM_Base_MspInit  tim.o
    0x080032fc   0x080032fc   0x00000022   Code   RO         2499    i.HAL_TIM_Base_Start_IT  stm32f1xx_hal_tim.o
    0x0800331e   0x0800331e   0x000000d6   Code   RO         2503    i.HAL_TIM_ConfigClockSource  stm32f1xx_hal_tim.o
    0x080033f4   0x080033f4   0x00000002   Code   RO         2523    i.HAL_TIM_IC_CaptureCallback  stm32f1xx_hal_tim.o
    0x080033f6   0x080033f6   0x00000166   Code   RO         2537    i.HAL_TIM_IRQHandler  stm32f1xx_hal_tim.o
    0x0800355c   0x0800355c   0x00000070   Code   RO          519    i.HAL_TIM_MspPostInit  tim.o
    0x080035cc   0x080035cc   0x00000002   Code   RO         2540    i.HAL_TIM_OC_DelayElapsedCallback  stm32f1xx_hal_tim.o
    0x080035ce   0x080035ce   0x000000d0   Code   RO         2561    i.HAL_TIM_PWM_ConfigChannel  stm32f1xx_hal_tim.o
    0x0800369e   0x0800369e   0x00000036   Code   RO         2564    i.HAL_TIM_PWM_Init  stm32f1xx_hal_tim.o
    0x080036d4   0x080036d4   0x00000002   Code   RO         2566    i.HAL_TIM_PWM_MspInit  stm32f1xx_hal_tim.o
    0x080036d6   0x080036d6   0x00000002   Code   RO         2567    i.HAL_TIM_PWM_PulseFinishedCallback  stm32f1xx_hal_tim.o
    0x080036d8   0x080036d8   0x00000038   Code   RO         2569    i.HAL_TIM_PWM_Start  stm32f1xx_hal_tim.o
    0x08003710   0x08003710   0x00000240   Code   RO          520    i.HAL_TIM_PeriodElapsedCallback  tim.o
    0x08003950   0x08003950   0x00000002   Code   RO         2580    i.HAL_TIM_TriggerCallback  stm32f1xx_hal_tim.o
    0x08003952   0x08003952   0x00000002   Code   RO         3441    i.HAL_UART_ErrorCallback  stm32f1xx_hal_uart.o
    0x08003954   0x08003954   0x00000110   Code   RO         3444    i.HAL_UART_IRQHandler  stm32f1xx_hal_uart.o
    0x08003a64   0x08003a64   0x00000062   Code   RO         3445    i.HAL_UART_Init     stm32f1xx_hal_uart.o
    0x08003ac6   0x08003ac6   0x00000002   PAD
    0x08003ac8   0x08003ac8   0x00000080   Code   RO          597    i.HAL_UART_MspInit  usart.o
    0x08003b48   0x08003b48   0x0000004a   Code   RO         3450    i.HAL_UART_Receive_IT  stm32f1xx_hal_uart.o
    0x08003b92   0x08003b92   0x00000002   PAD
    0x08003b94   0x08003b94   0x00000054   Code   RO          598    i.HAL_UART_RxCpltCallback  usart.o
    0x08003be8   0x08003be8   0x000000ac   Code   RO         3453    i.HAL_UART_Transmit  stm32f1xx_hal_uart.o
    0x08003c94   0x08003c94   0x00000002   Code   RO         3456    i.HAL_UART_TxCpltCallback  stm32f1xx_hal_uart.o
    0x08003c96   0x08003c96   0x00000002   Code   RO          653    i.HardFault_Handler  stm32f1xx_it.o
    0x08003c98   0x08003c98   0x0000002e   Code   RO         2123    i.I2C_IsAcknowledgeFailed  stm32f1xx_hal_i2c.o
    0x08003cc6   0x08003cc6   0x000000e6   Code   RO         2132    i.I2C_RequestMemoryRead  stm32f1xx_hal_i2c.o
    0x08003dac   0x08003dac   0x00000094   Code   RO         2133    i.I2C_RequestMemoryWrite  stm32f1xx_hal_i2c.o
    0x08003e40   0x08003e40   0x0000004c   Code   RO         2136    i.I2C_WaitOnBTFFlagUntilTimeout  stm32f1xx_hal_i2c.o
    0x08003e8c   0x08003e8c   0x00000068   Code   RO         2137    i.I2C_WaitOnFlagUntilTimeout  stm32f1xx_hal_i2c.o
    0x08003ef4   0x08003ef4   0x00000096   Code   RO         2138    i.I2C_WaitOnMasterAddressFlagUntilTimeout  stm32f1xx_hal_i2c.o
    0x08003f8a   0x08003f8a   0x00000066   Code   RO         2139    i.I2C_WaitOnRXNEFlagUntilTimeout  stm32f1xx_hal_i2c.o
    0x08003ff0   0x08003ff0   0x0000004c   Code   RO         2140    i.I2C_WaitOnTXEFlagUntilTimeout  stm32f1xx_hal_i2c.o
    0x0800403c   0x0800403c   0x000000bc   Code   RO           13    i.MPU_Get_Accel     mpu9250.o
    0x080040f8   0x080040f8   0x000000f8   Code   RO           14    i.MPU_Get_Accelerometer  mpu9250.o
    0x080041f0   0x080041f0   0x00000070   Code   RO           15    i.MPU_Get_Gyro      mpu9250.o
    0x08004260   0x08004260   0x0000010c   Code   RO           16    i.MPU_Get_Gyroscope  mpu9250.o
    0x0800436c   0x0800436c   0x00000140   Code   RO           17    i.MPU_Get_Mag       mpu9250.o
    0x080044ac   0x080044ac   0x000000e8   Code   RO           18    i.MPU_Get_Magnetometer  mpu9250.o
    0x08004594   0x08004594   0x00000020   Code   RO           22    i.MPU_Read_Len      mpu9250.o
    0x080045b4   0x080045b4   0x00000024   Code   RO           27    i.MPU_Write_Byte    mpu9250.o
    0x080045d8   0x080045d8   0x00000020   Code   RO           28    i.MPU_Write_Len     mpu9250.o
    0x080045f8   0x080045f8   0x00000050   Code   RO          410    i.MX_ADC1_Init      adc.o
    0x08004648   0x08004648   0x0000002c   Code   RO          450    i.MX_DMA_Init       dma.o
    0x08004674   0x08004674   0x000000c4   Code   RO          368    i.MX_GPIO_Init      gpio.o
    0x08004738   0x08004738   0x00000040   Code   RO          476    i.MX_I2C1_Init      i2c.o
    0x08004778   0x08004778   0x00000068   Code   RO          521    i.MX_TIM1_Init      tim.o
    0x080047e0   0x080047e0   0x00000064   Code   RO          522    i.MX_TIM2_Init      tim.o
    0x08004844   0x08004844   0x000000cc   Code   RO          523    i.MX_TIM3_Init      tim.o
    0x08004910   0x08004910   0x00000068   Code   RO          524    i.MX_TIM4_Init      tim.o
    0x08004978   0x08004978   0x00000038   Code   RO          599    i.MX_USART2_UART_Init  usart.o
    0x080049b0   0x080049b0   0x00000002   Code   RO          654    i.MemManage_Handler  stm32f1xx_it.o
    0x080049b2   0x080049b2   0x00000002   Code   RO          655    i.NMI_Handler       stm32f1xx_it.o
    0x080049b4   0x080049b4   0x00000002   Code   RO          656    i.PendSV_Handler    stm32f1xx_it.o
    0x080049b6   0x080049b6   0x00000002   Code   RO          657    i.SVC_Handler       stm32f1xx_it.o
    0x080049b8   0x080049b8   0x00000004   Code   RO          658    i.SysTick_Handler   stm32f1xx_it.o
    0x080049bc   0x080049bc   0x00000060   Code   RO          250    i.SystemClock_Config  main.o
    0x08004a1c   0x08004a1c   0x00000048   Code   RO         3747    i.SystemInit        system_stm32f1xx.o
    0x08004a64   0x08004a64   0x0000000c   Code   RO          659    i.TIM4_IRQHandler   stm32f1xx_it.o
    0x08004a70   0x08004a70   0x0000006c   Code   RO         2582    i.TIM_Base_SetConfig  stm32f1xx_hal_tim.o
    0x08004adc   0x08004adc   0x0000001a   Code   RO         2583    i.TIM_CCxChannelCmd  stm32f1xx_hal_tim.o
    0x08004af6   0x08004af6   0x00000014   Code   RO         2593    i.TIM_ETR_SetConfig  stm32f1xx_hal_tim.o
    0x08004b0a   0x08004b0a   0x00000010   Code   RO         2594    i.TIM_ITRx_SetConfig  stm32f1xx_hal_tim.o
    0x08004b1a   0x08004b1a   0x00000002   PAD
    0x08004b1c   0x08004b1c   0x00000050   Code   RO         2595    i.TIM_OC1_SetConfig  stm32f1xx_hal_tim.o
    0x08004b6c   0x08004b6c   0x00000058   Code   RO         2596    i.TIM_OC2_SetConfig  stm32f1xx_hal_tim.o
    0x08004bc4   0x08004bc4   0x00000058   Code   RO         2597    i.TIM_OC3_SetConfig  stm32f1xx_hal_tim.o
    0x08004c1c   0x08004c1c   0x00000044   Code   RO         2598    i.TIM_OC4_SetConfig  stm32f1xx_hal_tim.o
    0x08004c60   0x08004c60   0x00000022   Code   RO         2600    i.TIM_TI1_ConfigInputStage  stm32f1xx_hal_tim.o
    0x08004c82   0x08004c82   0x00000024   Code   RO         2602    i.TIM_TI2_ConfigInputStage  stm32f1xx_hal_tim.o
    0x08004ca6   0x08004ca6   0x00000010   Code   RO         3458    i.UART_DMAAbortOnError  stm32f1xx_hal_uart.o
    0x08004cb6   0x08004cb6   0x0000001c   Code   RO         3468    i.UART_EndRxTransfer  stm32f1xx_hal_uart.o
    0x08004cd2   0x08004cd2   0x00000096   Code   RO         3470    i.UART_Receive_IT   stm32f1xx_hal_uart.o
    0x08004d68   0x08004d68   0x000000b8   Code   RO         3471    i.UART_SetConfig    stm32f1xx_hal_uart.o
    0x08004e20   0x08004e20   0x00000062   Code   RO         3472    i.UART_Transmit_IT  stm32f1xx_hal_uart.o
    0x08004e82   0x08004e82   0x00000064   Code   RO         3473    i.UART_WaitOnFlagUntilTimeout  stm32f1xx_hal_uart.o
    0x08004ee6   0x08004ee6   0x00000002   PAD
    0x08004ee8   0x08004ee8   0x0000000c   Code   RO          660    i.USART2_IRQHandler  stm32f1xx_it.o
    0x08004ef4   0x08004ef4   0x00000002   Code   RO          661    i.UsageFault_Handler  stm32f1xx_it.o
    0x08004ef6   0x08004ef6   0x00000002   PAD
    0x08004ef8   0x08004ef8   0x00000020   Code   RO         4599    i.__0printf         mc_w.l(printfa.o)
    0x08004f18   0x08004f18   0x00000028   Code   RO         4689    i.__ARM_fpclassify  m_ws.l(fpclassify.o)
    0x08004f40   0x08004f40   0x00000020   Code   RO         1583    i.__NVIC_SetPriority  stm32f1xx_hal_cortex.o
    0x08004f60   0x08004f60   0x000000aa   Code   RO         4691    i.__kernel_poly     m_ws.l(poly.o)
    0x0800500a   0x0800500a   0x00000006   Code   RO         4676    i.__mathlib_dbl_infnan  m_ws.l(dunder.o)
    0x08005010   0x08005010   0x00000004   Code   RO         4677    i.__mathlib_dbl_infnan2  m_ws.l(dunder.o)
    0x08005014   0x08005014   0x0000000c   Code   RO         4678    i.__mathlib_dbl_invalid  m_ws.l(dunder.o)
    0x08005020   0x08005020   0x00000010   Code   RO         4681    i.__mathlib_dbl_underflow  m_ws.l(dunder.o)
    0x08005030   0x08005030   0x0000000e   Code   RO         4741    i.__scatterload_copy  mc_w.l(handlers.o)
    0x0800503e   0x0800503e   0x00000002   Code   RO         4742    i.__scatterload_null  mc_w.l(handlers.o)
    0x08005040   0x08005040   0x0000000e   Code   RO         4743    i.__scatterload_zeroinit  mc_w.l(handlers.o)
    0x0800504e   0x0800504e   0x00000002   PAD
    0x08005050   0x08005050   0x0000000c   Code   RO         4719    i.__set_errno       mc_w.l(errno.o)
    0x0800505c   0x0800505c   0x00000184   Code   RO         4606    i._fp_digits        mc_w.l(printfa.o)
    0x080051e0   0x080051e0   0x000006dc   Code   RO         4607    i._printf_core      mc_w.l(printfa.o)
    0x080058bc   0x080058bc   0x00000024   Code   RO         4608    i._printf_post_padding  mc_w.l(printfa.o)
    0x080058e0   0x080058e0   0x0000002e   Code   RO         4609    i._printf_pre_padding  mc_w.l(printfa.o)
    0x0800590e   0x0800590e   0x00000002   PAD
    0x08005910   0x08005910   0x00000270   Code   RO         4322    i.asin              m_ws.l(asin.o)
    0x08005b80   0x08005b80   0x00000220   Code   RO         4666    i.atan              m_ws.l(atan.o)
    0x08005da0   0x08005da0   0x00000180   Code   RO         4332    i.atan2             m_ws.l(atan2.o)
    0x08005f20   0x08005f20   0x0000001c   Code   RO          253    i.fputc             main.o
    0x08005f3c   0x08005f3c   0x00000038   Code   RO          254    i.invSqrt           main.o
    0x08005f74   0x08005f74   0x0000023c   Code   RO          255    i.main              main.o
    0x080061b0   0x080061b0   0x00000054   Code   RO         3790    i.mpu_configure_fifo  inv_mpu.o
    0x08006204   0x08006204   0x000000d8   Code   RO         3807    i.mpu_init          inv_mpu.o
    0x080062dc   0x080062dc   0x000000b8   Code   RO         3809    i.mpu_lp_accel_mode  inv_mpu.o
    0x08006394   0x08006394   0x00000160   Code   RO         3819    i.mpu_reset_fifo    inv_mpu.o
    0x080064f4   0x080064f4   0x00000068   Code   RO         3824    i.mpu_set_accel_fsr  inv_mpu.o
    0x0800655c   0x0800655c   0x000000dc   Code   RO         3825    i.mpu_set_bypass    inv_mpu.o
    0x08006638   0x08006638   0x0000004c   Code   RO         3826    i.mpu_set_compass_sample_rate  inv_mpu.o
    0x08006684   0x08006684   0x0000006c   Code   RO         3829    i.mpu_set_gyro_fsr  inv_mpu.o
    0x080066f0   0x080066f0   0x00000064   Code   RO         3830    i.mpu_set_int_latched  inv_mpu.o
    0x08006754   0x08006754   0x00000088   Code   RO         3832    i.mpu_set_lpf       inv_mpu.o
    0x080067dc   0x080067dc   0x00000090   Code   RO         3833    i.mpu_set_sample_rate  inv_mpu.o
    0x0800686c   0x0800686c   0x00000134   Code   RO         3834    i.mpu_set_sensors   inv_mpu.o
    0x080069a0   0x080069a0   0x00000058   Code   RO         3836    i.set_int_enable    inv_mpu.o
    0x080069f8   0x080069f8   0x00000198   Code   RO         3837    i.setup_compass     inv_mpu.o
    0x08006b90   0x08006b90   0x00000628   Code   RO          256    i.sphereFit         main.o
    0x080071b8   0x080071b8   0x0000004c   Code   RO         4340    i.sqrt              m_ws.l(sqrt.o)
    0x08007204   0x08007204   0x0000002c   Code   RO         4348    i.sqrtf             m_ws.l(sqrtf.o)
    0x08007230   0x08007230   0x00000024   Code   RO          369    i.ul2               gpio.o
    0x08007254   0x08007254   0x00000024   Code   RO          370    i.ul3               gpio.o
    0x08007278   0x08007278   0x0000006c   Code   RO          257    i.writeFlashTest    main.o
    0x080072e4   0x080072e4   0x00000004   Data   RO          259    .constdata          main.o
    0x080072e8   0x080072e8   0x00000010   Data   RO         3748    .constdata          system_stm32f1xx.o
    0x080072f8   0x080072f8   0x00000008   Data   RO         3749    .constdata          system_stm32f1xx.o
    0x08007300   0x08007300   0x0000002a   Data   RO         3838    .constdata          inv_mpu.o
    0x0800732a   0x0800732a   0x0000000e   Data   RO         3839    .constdata          inv_mpu.o
    0x08007338   0x08007338   0x00000030   Data   RO         3840    .constdata          inv_mpu.o
    0x08007368   0x08007368   0x00000050   Data   RO         4323    .constdata          m_ws.l(asin.o)
    0x080073b8   0x080073b8   0x00000098   Data   RO         4667    .constdata          m_ws.l(atan.o)
    0x08007450   0x08007450   0x00000008   Data   RO         4693    .constdata          m_ws.l(qnan.o)
    0x08007458   0x08007458   0x00000020   Data   RO         4739    Region$$Table       anon$$obj.o


    Execution Region RW_IRAM1 (Exec base: 0x20000000, Load base: 0x08007478, Size: 0x00001110, Max: 0x00005000, ABSOLUTE, COMPRESSED[0x00000054])

    Exec Addr    Load Addr    Size         Type   Attr      Idx    E Section Name        Object

    0x20000000   COMPRESSED   0x00000060   Data   RW           30    .data               mpu9250.o
    0x20000060   COMPRESSED   0x00000074   Data   RW          261    .data               main.o
    0x200000d4   COMPRESSED   0x00000004   Data   RW          262    .data               main.o
    0x200000d8   COMPRESSED   0x00000004   Data   RW          263    .data               main.o
    0x200000dc   COMPRESSED   0x00000004   Data   RW          264    .data               main.o
    0x200000e0   COMPRESSED   0x00000024   Data   RW          526    .data               tim.o
    0x20000104   COMPRESSED   0x0000000c   Data   RW          601    .data               usart.o
    0x20000110   COMPRESSED   0x0000000c   Data   RW         1120    .data               stm32f1xx_hal.o
    0x2000011c   COMPRESSED   0x00000004   Data   RW         3750    .data               system_stm32f1xx.o
    0x20000120   COMPRESSED   0x00000038   Data   RW         3844    .data               inv_mpu.o
    0x20000158   COMPRESSED   0x00000004   Data   RW         4708    .data               mc_w.l(stdout.o)
    0x2000015c   COMPRESSED   0x00000004   Data   RW         4720    .data               mc_w.l(errno.o)
    0x20000160        -       0x00000978   Zero   RW          258    .bss                main.o
    0x20000ad8        -       0x00000074   Zero   RW          411    .bss                adc.o
    0x20000b4c        -       0x00000054   Zero   RW          477    .bss                i2c.o
    0x20000ba0        -       0x00000100   Zero   RW          525    .bss                tim.o
    0x20000ca0        -       0x00000050   Zero   RW          600    .bss                usart.o
    0x20000cf0        -       0x00000020   Zero   RW         1824    .bss                stm32f1xx_hal_flash.o
    0x20000d10        -       0x00000400   Zero   RW            1    STACK               startup_stm32f103xb.o


==============================================================================

Image component sizes


      Code (inc. data)   RO Data    RW Data    ZI Data      Debug   Object Name

       240         30          0          0        116       1595   adc.o
        44          4          0          0          0        682   dma.o
       364         50          0          0          0       2334   gpio.o
       156         26          0          0         84       1485   i2c.o
      2528         72        104         56          0      15163   inv_mpu.o
      5614        120          4        128       2424      11697   main.o
      1468         78          0         96          0     468513   mpu9250.o
        36          8        236          0       1024        776   startup_stm32f103xb.o
       164         28          0         12          0       5689   stm32f1xx_hal.o
      1344         54          0          0          0       9442   stm32f1xx_hal_adc.o
         2          0          0          0          0       1005   stm32f1xx_hal_adc_ex.o
       198         14          0          0          0      28779   stm32f1xx_hal_cortex.o
       738         36          0          0          0       4162   stm32f1xx_hal_dma.o
       392         46          0          0         32       4522   stm32f1xx_hal_flash.o
       240         26          0          0          0       3141   stm32f1xx_hal_flash_ex.o
       524         40          0          0          0       3974   stm32f1xx_hal_gpio.o
      2152         44          0          0          0      11990   stm32f1xx_hal_i2c.o
        60          8          0          0          0        794   stm32f1xx_hal_msp.o
      1272        100          0          0          0       5036   stm32f1xx_hal_rcc.o
       236         12          0          0          0       1332   stm32f1xx_hal_rcc_ex.o
      1552         38          0          0          0      14990   stm32f1xx_hal_tim.o
        70          0          0          0          0       2245   stm32f1xx_hal_tim_ex.o
      1196         12          0          0          0       8915   stm32f1xx_hal_uart.o
        80         24          0          0          0       5963   stm32f1xx_it.o
        72         16         24          4          0       1079   system_stm32f1xx.o
      1376        154          0         36        256       5694   tim.o
       268         34          0         12         80       2319   usart.o

    ----------------------------------------------------------------------
     22408       1074        400        344       4016     623316   Object Totals
         0          0         32          0          0          0   (incl. Generated)
        22          0          0          0          0          0   (incl. Padding)

    ----------------------------------------------------------------------

      Code (inc. data)   RO Data    RW Data    ZI Data      Debug   Library Member Name

       624         52         80          0          0        168   asin.o
       544         70        152          0          0        124   atan.o
       384         38          0          0          0        144   atan2.o
        38          6          0          0          0        272   dunder.o
        40          0          0          0          0         68   fpclassify.o
       170          0          0          0          0         96   poly.o
         0          0          8          0          0          0   qnan.o
        76          0          0          0          0         84   sqrt.o
        44          0          0          0          0         80   sqrtf.o
        86          0          0          0          0          0   __dczerorl2.o
         0          0          0          0          0          0   entry.o
         0          0          0          0          0          0   entry10a.o
         0          0          0          0          0          0   entry11a.o
         8          4          0          0          0          0   entry2.o
         4          0          0          0          0          0   entry5.o
         0          0          0          0          0          0   entry7b.o
         0          0          0          0          0          0   entry8b.o
         8          4          0          0          0          0   entry9a.o
        12          6          0          4          0         68   errno.o
        30          0          0          0          0          0   handlers.o
        36          8          0          0          0         68   init.o
         0          0          0          0          0          0   iusefp.o
        30          0          0          0          0         68   llshl.o
        36          0          0          0          0         68   llsshr.o
        32          0          0          0          0         68   llushr.o
        36          0          0          0          0        108   memseta.o
      2258         90          0          0          0        452   printfa.o
         0          0          0          4          0          0   stdout.o
        44          0          0          0          0         80   uidiv.o
        98          0          0          0          0         92   uldiv.o
        48          0          0          0          0         68   cdrcmple.o
        20          0          0          0          0         68   cfrcmple.o
        56          0          0          0          0         88   d2f.o
       334          0          0          0          0        148   dadd.o
       222          0          0          0          0        100   ddiv.o
       186          0          0          0          0        176   depilogue.o
        62          0          0          0          0         80   dfixi.o
        48          0          0          0          0         68   dfixul.o
        34          0          0          0          0         76   dflti.o
       228          0          0          0          0         96   dmul.o
        46          0          0          0          0         80   dscalb.o
       162          0          0          0          0        100   dsqrt.o
        38          0          0          0          0         68   f2d.o
       176          0          0          0          0        140   fadd.o
       124          0          0          0          0         88   fdiv.o
       110          0          0          0          0        168   fepilogue.o
        10          0          0          0          0         68   ffltui.o
       100          0          0          0          0         76   fmul.o
        24          0          0          0          0         68   fscalb.o
        94          0          0          0          0         96   fsqrt.o

    ----------------------------------------------------------------------
      6768        278        240          8          0       4028   Library Totals
         8          0          0          0          0          0   (incl. Padding)

    ----------------------------------------------------------------------

      Code (inc. data)   RO Data    RW Data    ZI Data      Debug   Library Name

      1920        166        240          0          0       1036   m_ws.l
      2718        112          0          8          0       1072   mc_w.l
      2122          0          0          0          0       1920   mf_w.l

    ----------------------------------------------------------------------
      6768        278        240          8          0       4028   Library Totals

    ----------------------------------------------------------------------

==============================================================================


      Code (inc. data)   RO Data    RW Data    ZI Data      Debug   

     29176       1352        640        352       4016     617020   Grand Totals
     29176       1352        640         84       4016     617020   ELF Image Totals (compressed)
     29176       1352        640         84          0          0   ROM Totals

==============================================================================

    Total RO  Size (Code + RO Data)                29816 (  29.12kB)
    Total RW  Size (RW Data + ZI Data)              4368 (   4.27kB)
    Total ROM Size (Code + RO Data + RW Data)      29900 (  29.20kB)

==============================================================================

